Archive member included to satisfy reference by file (symbol)

c:/nxp/mcuxpressoide_10.2.1_795/ide/tools/bin/../lib/gcc/arm-none-eabi/7.2.1/../../../../arm-none-eabi/lib/thumb/v7e-m/fpv4-sp/hard\libcr_semihost_nf.a(_cr__main.o)
                              ./startup/startup_mk64f12.o (__main)
c:/nxp/mcuxpressoide_10.2.1_795/ide/tools/bin/../lib/gcc/arm-none-eabi/7.2.1/../../../../arm-none-eabi/lib/thumb/v7e-m/fpv4-sp/hard\libcr_semihost_nf.a(_cr_assert.o)
                              ./utilities/fsl_debug_console.o (__assertion_failed)
c:/nxp/mcuxpressoide_10.2.1_795/ide/tools/bin/../lib/gcc/arm-none-eabi/7.2.1/../../../../arm-none-eabi/lib/thumb/v7e-m/fpv4-sp/hard\libcr_semihost_nf.a(__ciob.o)
                              c:/nxp/mcuxpressoide_10.2.1_795/ide/tools/bin/../lib/gcc/arm-none-eabi/7.2.1/../../../../arm-none-eabi/lib/thumb/v7e-m/fpv4-sp/hard\libcr_semihost_nf.a(_cr_assert.o) (__Ciob)
c:/nxp/mcuxpressoide_10.2.1_795/ide/tools/bin/../lib/gcc/arm-none-eabi/7.2.1/../../../../arm-none-eabi/lib/thumb/v7e-m/fpv4-sp/hard\libcr_semihost_nf.a(__sys_appexit.o)
                              c:/nxp/mcuxpressoide_10.2.1_795/ide/tools/bin/../lib/gcc/arm-none-eabi/7.2.1/../../../../arm-none-eabi/lib/thumb/v7e-m/fpv4-sp/hard\libcr_semihost_nf.a(_cr_assert.o) (__sys_appexit)
c:/nxp/mcuxpressoide_10.2.1_795/ide/tools/bin/../lib/gcc/arm-none-eabi/7.2.1/../../../../arm-none-eabi/lib/thumb/v7e-m/fpv4-sp/hard\libcr_c.a(memcpy.o)
                              ./source/Server_Client_Com.o (memcpy)
c:/nxp/mcuxpressoide_10.2.1_795/ide/tools/bin/../lib/gcc/arm-none-eabi/7.2.1/../../../../arm-none-eabi/lib/thumb/v7e-m/fpv4-sp/hard\libcr_c.a(memset.o)
                              ./lwip/src/core/ipv4/dhcp.o (memset)
c:/nxp/mcuxpressoide_10.2.1_795/ide/tools/bin/../lib/gcc/arm-none-eabi/7.2.1/../../../../arm-none-eabi/lib/thumb/v7e-m/fpv4-sp/hard\libcr_c.a(_deferredlazyseek.o)
                              c:/nxp/mcuxpressoide_10.2.1_795/ide/tools/bin/../lib/gcc/arm-none-eabi/7.2.1/../../../../arm-none-eabi/lib/thumb/v7e-m/fpv4-sp/hard\libcr_semihost_nf.a(_cr_assert.o) (__flsbuf)
c:/nxp/mcuxpressoide_10.2.1_795/ide/tools/bin/../lib/gcc/arm-none-eabi/7.2.1/../../../../arm-none-eabi/lib/thumb/v7e-m/fpv4-sp/hard\libcr_c.a(_fflush.o)
                              c:/nxp/mcuxpressoide_10.2.1_795/ide/tools/bin/../lib/gcc/arm-none-eabi/7.2.1/../../../../arm-none-eabi/lib/thumb/v7e-m/fpv4-sp/hard\libcr_c.a(_deferredlazyseek.o) (_fflush)
c:/nxp/mcuxpressoide_10.2.1_795/ide/tools/bin/../lib/gcc/arm-none-eabi/7.2.1/../../../../arm-none-eabi/lib/thumb/v7e-m/fpv4-sp/hard\libcr_c.a(_writebuf.o)
                              c:/nxp/mcuxpressoide_10.2.1_795/ide/tools/bin/../lib/gcc/arm-none-eabi/7.2.1/../../../../arm-none-eabi/lib/thumb/v7e-m/fpv4-sp/hard\libcr_c.a(_deferredlazyseek.o) (_Cwritebuf)
c:/nxp/mcuxpressoide_10.2.1_795/ide/tools/bin/../lib/gcc/arm-none-eabi/7.2.1/../../../../arm-none-eabi/lib/thumb/v7e-m/fpv4-sp/hard\libcr_c.a(alloc.o)
                              ./drivers/fsl_common.o (malloc)
c:/nxp/mcuxpressoide_10.2.1_795/ide/tools/bin/../lib/gcc/arm-none-eabi/7.2.1/../../../../arm-none-eabi/lib/thumb/v7e-m/fpv4-sp/hard\libcr_c.a(fputs.o)
                              c:/nxp/mcuxpressoide_10.2.1_795/ide/tools/bin/../lib/gcc/arm-none-eabi/7.2.1/../../../../arm-none-eabi/lib/thumb/v7e-m/fpv4-sp/hard\libcr_semihost_nf.a(_cr_assert.o) (fputs)
c:/nxp/mcuxpressoide_10.2.1_795/ide/tools/bin/../lib/gcc/arm-none-eabi/7.2.1/../../../../arm-none-eabi/lib/thumb/v7e-m/fpv4-sp/hard\libcr_c.a(fseek.o)
                              c:/nxp/mcuxpressoide_10.2.1_795/ide/tools/bin/../lib/gcc/arm-none-eabi/7.2.1/../../../../arm-none-eabi/lib/thumb/v7e-m/fpv4-sp/hard\libcr_c.a(_deferredlazyseek.o) (fseek)
c:/nxp/mcuxpressoide_10.2.1_795/ide/tools/bin/../lib/gcc/arm-none-eabi/7.2.1/../../../../arm-none-eabi/lib/thumb/v7e-m/fpv4-sp/hard\libcr_c.a(ftell.o)
                              c:/nxp/mcuxpressoide_10.2.1_795/ide/tools/bin/../lib/gcc/arm-none-eabi/7.2.1/../../../../arm-none-eabi/lib/thumb/v7e-m/fpv4-sp/hard\libcr_c.a(fseek.o) (ftell)
c:/nxp/mcuxpressoide_10.2.1_795/ide/tools/bin/../lib/gcc/arm-none-eabi/7.2.1/../../../../arm-none-eabi/lib/thumb/v7e-m/fpv4-sp/hard\libcr_c.a(initio.o)
                              c:/nxp/mcuxpressoide_10.2.1_795/ide/tools/bin/../lib/gcc/arm-none-eabi/7.2.1/../../../../arm-none-eabi/lib/thumb/v7e-m/fpv4-sp/hard\libcr_semihost_nf.a(_cr__main.o) (_initio)
c:/nxp/mcuxpressoide_10.2.1_795/ide/tools/bin/../lib/gcc/arm-none-eabi/7.2.1/../../../../arm-none-eabi/lib/thumb/v7e-m/fpv4-sp/hard\libcr_c.a(memcmp.o)
                              ./lwip/src/netif/ethernet.o (memcmp)
c:/nxp/mcuxpressoide_10.2.1_795/ide/tools/bin/../lib/gcc/arm-none-eabi/7.2.1/../../../../arm-none-eabi/lib/thumb/v7e-m/fpv4-sp/hard\libcr_c.a(printf.o)
                              ./amazon-freertos/FreeRTOS/tasks.o (_sprintf)
[...]
Memory Configuration

Name             Origin             Length             Attributes
PROGRAM_FLASH    0x00000000         0x00100000         xr
SRAM_UPPER       0x20000000         0x00030000         xrw
SRAM_LOWER       0x1fff0000         0x00010000         xrw
FLEX_RAM         0x14000000         0x00001000         xrw
*default*        0x00000000         0xffffffff

Linker script and memory map

LOAD ./utilities/fsl_assert.o
LOAD ./utilities/fsl_debug_console.o
LOAD ./utilities/fsl_io.o
LOAD ./utilities/fsl_log.o
LOAD ./utilities/fsl_str.o
LOAD ./startup/startup_mk64f12.o
LOAD ./source/Crc32.o
LOAD ./source/Server_Client_Com.o
LOAD ./source/aes.o
LOAD ./source/lwip_tcpecho_freertos.o
LOAD ./source/semihost_hardfault.o
LOAD ./lwip/src/netif/ppp/auth.o
LOAD ./lwip/src/netif/ppp/ccp.o
LOAD ./lwip/src/netif/ppp/chap-md5.o
LOAD ./lwip/src/netif/ppp/chap-new.o
LOAD ./lwip/src/netif/ppp/chap_ms.o
LOAD ./lwip/src/netif/ppp/demand.o
LOAD ./lwip/src/netif/ppp/eap.o
LOAD ./lwip/src/netif/ppp/eui64.o
LOAD ./lwip/src/netif/ppp/fsm.o
LOAD ./lwip/src/netif/ppp/ipcp.o
LOAD ./lwip/src/netif/ppp/ipv6cp.o
LOAD ./lwip/src/netif/ppp/lcp.o
LOAD ./lwip/src/netif/ppp/lwip_ecp.o
LOAD ./lwip/src/netif/ppp/magic.o
LOAD ./lwip/src/netif/ppp/mppe.o
LOAD ./lwip/src/netif/ppp/multilink.o
LOAD ./lwip/src/netif/ppp/ppp.o
LOAD ./lwip/src/netif/ppp/pppapi.o
LOAD ./lwip/src/netif/ppp/pppcrypt.o
LOAD ./lwip/src/netif/ppp/pppoe.o
LOAD ./lwip/src/netif/ppp/pppol2tp.o
LOAD ./lwip/src/netif/ppp/pppos.o
LOAD ./lwip/src/netif/ppp/upap.o
LOAD ./lwip/src/netif/ppp/utils.o
LOAD ./lwip/src/netif/ppp/vj.o
LOAD ./lwip/src/netif/ethernet.o
LOAD ./lwip/src/netif/lowpan6.o
LOAD ./lwip/src/netif/slipif.o
LOAD ./lwip/src/core/ipv6/dhcp6.o
LOAD ./lwip/src/core/ipv6/ethip6.o
LOAD ./lwip/src/core/ipv6/icmp6.o
LOAD ./lwip/src/core/ipv6/inet6.o
LOAD ./lwip/src/core/ipv6/ip6.o
LOAD ./lwip/src/core/ipv6/ip6_addr.o
LOAD ./lwip/src/core/ipv6/ip6_frag.o
LOAD ./lwip/src/core/ipv6/mld6.o
LOAD ./lwip/src/core/ipv6/nd6.o
LOAD ./lwip/src/core/ipv4/autoip.o
LOAD ./lwip/src/core/ipv4/dhcp.o
LOAD ./lwip/src/core/ipv4/etharp.o
LOAD ./lwip/src/core/ipv4/icmp.o
LOAD ./lwip/src/core/ipv4/igmp.o
LOAD ./lwip/src/core/ipv4/ip4.o
LOAD ./lwip/src/core/ipv4/ip4_addr.o
LOAD ./lwip/src/core/ipv4/ip4_frag.o
LOAD ./lwip/src/core/def.o
LOAD ./lwip/src/core/dns.o
LOAD ./lwip/src/core/inet_chksum.o
LOAD ./lwip/src/core/init.o
LOAD ./lwip/src/core/ip.o
LOAD ./lwip/src/core/mem.o
LOAD ./lwip/src/core/memp.o
LOAD ./lwip/src/core/netif.o
LOAD ./lwip/src/core/pbuf.o
LOAD ./lwip/src/core/raw.o
LOAD ./lwip/src/core/stats.o
LOAD ./lwip/src/core/sys.o
LOAD ./lwip/src/core/tcp.o
LOAD ./lwip/src/core/tcp_in.o
LOAD ./lwip/src/core/tcp_out.o
LOAD ./lwip/src/core/timeouts.o
LOAD ./lwip/src/core/udp.o
LOAD ./lwip/src/api/api_lib.o
LOAD ./lwip/src/api/api_msg.o
LOAD ./lwip/src/api/err.o
LOAD ./lwip/src/api/netbuf.o
LOAD ./lwip/src/api/netdb.o
LOAD ./lwip/src/api/netifapi.o
LOAD ./lwip/src/api/sockets.o
LOAD ./lwip/src/api/tcpip.o
LOAD ./lwip/port/ethernetif.o
LOAD ./lwip/port/sys_arch.o
LOAD ./drivers/fsl_clock.o
LOAD ./drivers/fsl_common.o
LOAD ./drivers/fsl_enet.o
LOAD ./drivers/fsl_ftfx_cache.o
LOAD ./drivers/fsl_ftfx_controller.o
LOAD ./drivers/fsl_ftfx_flash.o
LOAD ./drivers/fsl_ftfx_flexnvm.o
LOAD ./drivers/fsl_gpio.o
LOAD ./drivers/fsl_sim.o
LOAD ./drivers/fsl_smc.o
LOAD ./drivers/fsl_uart.o
LOAD ./board/src/board.o
LOAD ./board/src/clock_config.o
LOAD ./board/fsl_phy.o
LOAD ./board/peripherals.o
LOAD ./board/pin_mux.o
LOAD ./amazon-freertos/portable/fsl_tickless_systick.o
LOAD ./amazon-freertos/FreeRTOS/portable/heap_3.o
LOAD ./amazon-freertos/FreeRTOS/portable/port.o
LOAD ./amazon-freertos/FreeRTOS/event_groups.o
LOAD ./amazon-freertos/FreeRTOS/list.o
LOAD ./amazon-freertos/FreeRTOS/queue.o
LOAD ./amazon-freertos/FreeRTOS/stream_buffer.o
LOAD ./amazon-freertos/FreeRTOS/tasks.o
LOAD ./amazon-freertos/FreeRTOS/timers.o
LOAD ./CMSIS/system_MK64F12.o
START GROUP
LOAD c:/nxp/mcuxpressoide_10.2.1_795/ide/tools/bin/../lib/gcc/arm-none-eabi/7.2.1/../../../../arm-none-eabi/lib/thumb/v7e-m/fpv4-sp/hard\libcr_semihost_nf.a
LOAD c:/nxp/mcuxpressoide_10.2.1_795/ide/tools/bin/../lib/gcc/arm-none-eabi/7.2.1/../../../../arm-none-eabi/lib/thumb/v7e-m/fpv4-sp/hard\libcr_c.a
LOAD c:/nxp/mcuxpressoide_10.2.1_795/ide/tools/bin/../lib/gcc/arm-none-eabi/7.2.1/thumb/v7e-m/fpv4-sp/hard\libcr_eabihelpers.a
END GROUP
                0x00000000                __base_PROGRAM_FLASH = 0x0
                0x00000000                __base_Flash = 0x0
                0x00100000                __top_PROGRAM_FLASH = 0x100000
                0x00100000                __top_Flash = 0x100000
                0x20000000                __base_SRAM_UPPER = 0x20000000
                0x20000000                __base_RAM = 0x20000000
                0x20030000                __top_SRAM_UPPER = 0x20030000
                0x20030000                __top_RAM = 0x20030000
                0x1fff0000                __base_SRAM_LOWER = 0x1fff0000
                0x1fff0000                __base_RAM2 = 0x1fff0000
                0x20000000                __top_SRAM_LOWER = 0x20000000
                0x20000000                __top_RAM2 = 0x20000000
                0x14000000                __base_FLEX_RAM = 0x14000000
                0x14000000                __base_RAM3 = 0x14000000
                0x14001000                __top_FLEX_RAM = 0x14001000
                0x14001000                __top_RAM3 = 0x14001000

.text           0x00000000    0x17a60
 FILL mask 0xff
                0x00000000                __vectors_start__ = ABSOLUTE (.)
 *(SORT_BY_ALIGNMENT(.isr_vector))
 .isr_vector    0x00000000      0x198 ./startup/startup_mk64f12.o
                0x00000000                g_pfnVectors
                0x00000000                __Vectors
                0x00000198                . = ALIGN (0x4)
                0x00000198                __section_table_start = .
                0x00000198                __data_section_table = .
                0x00000198        0x4 LONG 0x17a60 LOADADDR (.data)
                0x0000019c        0x4 LONG 0x20000000 ADDR (.data)
                0x000001a0        0x4 LONG 0x20 SIZEOF (.data)
                0x000001a4        0x4 LONG 0x17a60 LOADADDR (.data_RAM2)
                0x000001a8        0x4 LONG 0x1fff0000 ADDR (.data_RAM2)
                0x000001ac        0x4 LONG 0x0 SIZEOF (.data_RAM2)
                0x000001b0        0x4 LONG 0x17a60 LOADADDR (.data_RAM3)
                0x000001b4        0x4 LONG 0x14000000 ADDR (.data_RAM3)
                0x000001b8        0x4 LONG 0x0 SIZEOF (.data_RAM3)
                0x000001bc                __data_section_table_end = .
                0x000001bc                __bss_section_table = .
                0x000001bc        0x4 LONG 0x20000020 ADDR (.bss)
                0x000001c0        0x4 LONG 0xd8f8 SIZEOF (.bss)
                0x000001c4        0x4 LONG 0x1fff0000 ADDR (.bss_RAM2)
                0x000001c8        0x4 LONG 0x0 SIZEOF (.bss_RAM2)
                0x000001cc        0x4 LONG 0x14000000 ADDR (.bss_RAM3)
                0x000001d0        0x4 LONG 0x0 SIZEOF (.bss_RAM3)
                0x000001d4                __bss_section_table_end = .
                0x000001d4                __section_table_end = .
 *(SORT_BY_ALIGNMENT(.after_vectors*))
 .after_vectors.reset
                0x000001d4       0x4c ./startup/startup_mk64f12.o
                0x000001d4                ResetISR
 .after_vectors.init_data
                0x00000220       0x1e ./startup/startup_mk64f12.o
                0x00000220                data_init
 .after_vectors.init_bss
                0x0000023e       0x12 ./startup/startup_mk64f12.o
                0x0000023e                bss_init
 .after_vectors
                0x00000250       0x14 ./startup/startup_mk64f12.o
                0x00000250                NMI_Handler
                0x00000254                MemManage_Handler
                0x00000256                BusFault_Handler
                0x00000258                UsageFault_Handler
                0x0000025c                DebugMon_Handler
                0x00000262                LPTMR0_DriverIRQHandler
                0x00000262                DMA_Error_DriverIRQHandler
                0x00000262                SPI1_DriverIRQHandler
                0x00000262                FTM1_DriverIRQHandler
                0x00000262                FTM2_DriverIRQHandler
                0x00000262                PIT2_DriverIRQHandler
                0x00000262                SDHC_DriverIRQHandler
                0x00000262                I2S0_Tx_DriverIRQHandler
                0x00000262                RTC_Seconds_DriverIRQHandler
                0x00000262                DMA6_DriverIRQHandler
                0x00000262                LLWU_DriverIRQHandler
                0x00000262                MCM_DriverIRQHandler
                0x00000262                MCG_DriverIRQHandler
                0x00000262                ENET_1588_Timer_DriverIRQHandler
                0x00000262                I2C2_DriverIRQHandler
                0x00000262                DAC1_DriverIRQHandler
                0x00000262                DMA12_DriverIRQHandler
                0x00000262                CMP1_DriverIRQHandler
                0x00000262                FTM0_DriverIRQHandler
                0x00000262                IntDefaultHandler
                0x00000262                USB0_DriverIRQHandler
                0x00000262                UART5_ERR_DriverIRQHandler
                0x00000262                PORTC_DriverIRQHandler
                0x00000262                DMA11_DriverIRQHandler
                0x00000262                DAC0_DriverIRQHandler
                0x00000262                DMA10_DriverIRQHandler
                0x00000262                CMP2_DriverIRQHandler
                0x00000262                UART2_ERR_DriverIRQHandler
                0x00000262                SPI2_DriverIRQHandler
                0x00000262                LVD_LVW_DriverIRQHandler
                0x00000262                PIT0_DriverIRQHandler
                0x00000262                PORTB_DriverIRQHandler
                0x00000262                DMA5_DriverIRQHandler
                0x00000262                DMA4_DriverIRQHandler
                0x00000262                USBDCD_DriverIRQHandler
                0x00000262                UART3_ERR_DriverIRQHandler
                0x00000262                DMA3_DriverIRQHandler
                0x00000262                DMA8_DriverIRQHandler
                0x00000262                DMA9_DriverIRQHandler
                0x00000262                UART0_ERR_DriverIRQHandler
                0x00000262                CMT_DriverIRQHandler
                0x00000262                Reserved71_DriverIRQHandler
                0x00000262                ADC1_DriverIRQHandler
                0x00000262                PORTA_DriverIRQHandler
                0x00000262                DMA14_DriverIRQHandler
                0x00000262                PIT3_DriverIRQHandler
                0x00000262                PIT1_DriverIRQHandler
                0x00000262                WDOG_EWM_DriverIRQHandler
                0x00000262                PDB0_DriverIRQHandler
                0x00000262                RTC_DriverIRQHandler
                0x00000262                I2S0_Rx_DriverIRQHandler
                0x00000262                Read_Collision_DriverIRQHandler
                0x00000262                SWI_DriverIRQHandler
                0x00000262                UART4_ERR_DriverIRQHandler
                0x00000262                DMA0_DriverIRQHandler
                0x00000262                UART0_LON_DriverIRQHandler
                0x00000262                DMA1_DriverIRQHandler
                0x00000262                I2C1_DriverIRQHandler
                0x00000262                ENET_Receive_DriverIRQHandler
                0x00000262                DMA13_DriverIRQHandler
                0x00000262                ENET_Error_DriverIRQHandler
                0x00000262                DMA15_DriverIRQHandler
                0x00000262                SPI0_DriverIRQHandler
                0x00000262                ADC0_DriverIRQHandler
                0x00000262                CMP0_DriverIRQHandler
                0x00000262                CAN0_DriverIRQHandler
                0x00000262                FTM3_DriverIRQHandler
                0x00000262                RNG_DriverIRQHandler
                0x00000262                UART1_ERR_DriverIRQHandler
                0x00000262                DMA2_DriverIRQHandler
                0x00000262                ENET_Transmit_DriverIRQHandler
                0x00000262                PORTD_DriverIRQHandler
                0x00000262                PORTE_DriverIRQHandler
                0x00000262                FTFE_DriverIRQHandler
                0x00000262                I2C0_DriverIRQHandler
                0x00000262                DMA7_DriverIRQHandler
                0x00000400                . = 0x400
 *fill*         0x00000264      0x19c ff
                0x00000400                PROVIDE (__FLASH_CONFIG_START__, .)
 *(SORT_BY_ALIGNMENT(.FlashConfig))
 .FlashConfig   0x00000400       0x10 ./startup/startup_mk64f12.o
                0x00000400                Flash_Config
                0x00000410                PROVIDE (__FLASH_CONFIG_END__, .)
                0x00000001                ASSERT (! ((__FLASH_CONFIG_START__ == __FLASH_CONFIG_END__)), Linker Flash Config Support Enabled, but no .FlashConfig section provided within application)
 *(SORT_BY_ALIGNMENT(.text*))
 .text.SVC_Handler
                0x00000410       0x28 ./amazon-freertos/FreeRTOS/portable/port.o
                0x00000410                SVC_Handler
 *fill*         0x00000438        0x8 ff
 .text.PendSV_Handler
                0x00000440       0x68 ./amazon-freertos/FreeRTOS/portable/port.o
                0x00000440                PendSV_Handler
 .text.DbgConsole_Init
                0x000004a8       0x38 ./utilities/fsl_debug_console.o
                0x000004a8                DbgConsole_Init
 .text.IO_Init  0x000004e0       0x80 ./utilities/fsl_io.o
                0x000004e0                IO_Init
 .text.iTos     0x00000560      0x100 ./source/Crc32.o
                0x00000560                iTos
 .text.crc32b   0x00000660       0x7c ./source/Crc32.o
                0x00000660                crc32b
 .text.communication_thread
                0x000006dc       0xb4 ./source/Server_Client_Com.o
 .text.encrypt_ecb
                0x00000790       0x88 ./source/Server_Client_Com.o
 .text.communication_init
                0x00000818       0x28 ./source/Server_Client_Com.o
                0x00000818                communication_init
 .text.getSBoxValue
                0x00000840       0x20 ./source/aes.o
 .text.KeyExpansion
                0x00000860      0x1bc ./source/aes.o
 .text.AddRoundKey
                0x00000a1c       0x78 ./source/aes.o
 .text.SubBytes
                0x00000a94       0x60 ./source/aes.o
 .text.ShiftRows
                0x00000af4       0xb8 ./source/aes.o
 .text.MixColumns
                0x00000bac      0x194 ./source/aes.o
 .text.AES_ECB_encrypt
                0x00000d40       0x3c ./source/aes.o
                0x00000d40                AES_ECB_encrypt
 .text.stack_init
                0x00000d7c      0x13c ./source/lwip_tcpecho_freertos.o
 .text.main     0x00000eb8       0x60 ./source/lwip_tcpecho_freertos.o
                0x00000eb8                main
 .text.ethernet_input
                0x00000f18      0x12c ./lwip/src/netif/ethernet.o
                0x00000f18                ethernet_input
 .text.ethernet_output
                0x00001044       0x80 ./lwip/src/netif/ethernet.o
                0x00001044                ethernet_output
 .text.dhcp_check
                0x000010c4       0x68 ./lwip/src/core/ipv4/dhcp.o
 .text.dhcp_select
                0x0000112c      0x14c ./lwip/src/core/ipv4/dhcp.o
 .text.dhcp_coarse_tmr
                0x00001278       0xa8 ./lwip/src/core/ipv4/dhcp.o
                0x00001278                dhcp_coarse_tmr
 .text.dhcp_fine_tmr
                0x00001320       0x64 ./lwip/src/core/ipv4/dhcp.o
                0x00001320                dhcp_fine_tmr
 .text.dhcp_arp_reply
                0x00001384       0x48 ./lwip/src/core/ipv4/dhcp.o
                0x00001384                dhcp_arp_reply
 .text.dhcp_decline
                0x000013cc       0xd4 ./lwip/src/core/ipv4/dhcp.o
 .text.dhcp_discover
                0x000014a0      0x118 ./lwip/src/core/ipv4/dhcp.o
 .text.dhcp_bind
                0x000015b8      0x19c ./lwip/src/core/ipv4/dhcp.o
 .text.dhcp_renew
                0x00001754      0x10c ./lwip/src/core/ipv4/dhcp.o
                0x00001754                dhcp_renew
 .text.dhcp_rebind
                0x00001860      0x10c ./lwip/src/core/ipv4/dhcp.o
 .text.dhcp_reboot
                0x0000196c      0x128 ./lwip/src/core/ipv4/dhcp.o
 .text.dhcp_release
                0x00001a94      0x110 ./lwip/src/core/ipv4/dhcp.o
                0x00001a94                dhcp_release
 .text.dhcp_option
                0x00001ba4       0x64 ./lwip/src/core/ipv4/dhcp.o
 .text.dhcp_option_byte
                0x00001c08       0x40 ./lwip/src/core/ipv4/dhcp.o
 .text.dhcp_option_short
                0x00001c48       0x64 ./lwip/src/core/ipv4/dhcp.o
 .text.dhcp_option_long
                0x00001cac       0x9c ./lwip/src/core/ipv4/dhcp.o
 .text.dhcp_create_msg
                0x00001d48      0x290 ./lwip/src/core/ipv4/dhcp.o
 .text.dhcp_delete_msg
                0x00001fd8       0x64 ./lwip/src/core/ipv4/dhcp.o
 .text.dhcp_option_trailer
                0x0000203c       0x94 ./lwip/src/core/ipv4/dhcp.o
 .text.etharp_free_entry
                0x000020d0       0xc0 ./lwip/src/core/ipv4/etharp.o
 .text.etharp_tmr
                0x00002190      0x150 ./lwip/src/core/ipv4/etharp.o
                0x00002190                etharp_tmr
 .text.etharp_find_entry
                0x000022e0      0x264 ./lwip/src/core/ipv4/etharp.o
 .text.etharp_update_arp_entry
                0x00002544      0x13c ./lwip/src/core/ipv4/etharp.o
 .text.etharp_input
                0x00002680      0x120 ./lwip/src/core/ipv4/etharp.o
                0x00002680                etharp_input
 .text.etharp_output_to_arp_index
                0x000027a0      0x124 ./lwip/src/core/ipv4/etharp.o
 .text.etharp_output
                0x000028c4      0x1bc ./lwip/src/core/ipv4/etharp.o
                0x000028c4                etharp_output
 .text.etharp_query
                0x00002a80      0x274 ./lwip/src/core/ipv4/etharp.o
                0x00002a80                etharp_query
 .text.etharp_raw
                0x00002cf4      0x100 ./lwip/src/core/ipv4/etharp.o
 .text.etharp_request_dst
                0x00002df4       0x44 ./lwip/src/core/ipv4/etharp.o
 .text.etharp_request
                0x00002e38       0x24 ./lwip/src/core/ipv4/etharp.o
                0x00002e38                etharp_request
 .text.icmp_input
                0x00002e5c      0x24c ./lwip/src/core/ipv4/icmp.o
                0x00002e5c                icmp_input
 .text.icmp_send_response
                0x000030a8       0xd4 ./lwip/src/core/ipv4/icmp.o
 .text.ip4_route
                0x0000317c       0xd4 ./lwip/src/core/ipv4/ip4.o
                0x0000317c                ip4_route
 .text.ip4_input
                0x00003250      0x2d8 ./lwip/src/core/ipv4/ip4.o
                0x00003250                ip4_input
 .text.ip4_output_if_src
                0x00003528      0x1f0 ./lwip/src/core/ipv4/ip4.o
                0x00003528                ip4_output_if_src
 .text.ip_reass_tmr
                0x00003718       0x58 ./lwip/src/core/ipv4/ip4_frag.o
                0x00003718                ip_reass_tmr
 .text.ip_reass_free_complete_datagram
                0x00003770      0x120 ./lwip/src/core/ipv4/ip4_frag.o
 .text.ip_reass_remove_oldest_datagram
                0x00003890       0xc4 ./lwip/src/core/ipv4/ip4_frag.o
 .text.ip_reass_enqueue_new_datagram
                0x00003954       0x74 ./lwip/src/core/ipv4/ip4_frag.o
 .text.ip_reass_dequeue_datagram
                0x000039c8       0x4c ./lwip/src/core/ipv4/ip4_frag.o
 .text.ip_reass_chain_frag_into_datagram_and_validate
                0x00003a14      0x2a4 ./lwip/src/core/ipv4/ip4_frag.o
 .text.ip4_reass
                0x00003cb8      0x2b8 ./lwip/src/core/ipv4/ip4_frag.o
                0x00003cb8                ip4_reass
 .text.ip_frag_free_pbuf_custom_ref
                0x00003f70       0x28 ./lwip/src/core/ipv4/ip4_frag.o
 .text.ipfrag_free_pbuf_custom
                0x00003f98       0x50 ./lwip/src/core/ipv4/ip4_frag.o
 .text.ip4_frag
                0x00003fe8      0x22c ./lwip/src/core/ipv4/ip4_frag.o
                0x00003fe8                ip4_frag
 .text.plug_holes
                0x00004214      0x108 ./lwip/src/core/mem.o
 .text.mem_init
                0x0000431c       0x90 ./lwip/src/core/mem.o
                0x0000431c                mem_init
 .text.mem_free
                0x000043ac       0xbc ./lwip/src/core/mem.o
                0x000043ac                mem_free
 .text.mem_trim
                0x00004468      0x1bc ./lwip/src/core/mem.o
                0x00004468                mem_trim
 .text.mem_malloc
                0x00004624      0x1c0 ./lwip/src/core/mem.o
                0x00004624                mem_malloc
 .text.memp_init
                0x000047e4       0x34 ./lwip/src/core/memp.o
                0x000047e4                memp_init
 .text.do_memp_malloc_pool
                0x00004818       0x54 ./lwip/src/core/memp.o
 .text.memp_malloc
                0x0000486c       0x3c ./lwip/src/core/memp.o
                0x0000486c                memp_malloc
 .text.do_memp_free_pool
                0x000048a8       0x48 ./lwip/src/core/memp.o
 .text.memp_free
                0x000048f0       0x44 ./lwip/src/core/memp.o
                0x000048f0                memp_free
 .text.netif_add
                0x00004934       0xa8 ./lwip/src/core/netif.o
                0x00004934                netif_add
 .text.netif_set_ipaddr
                0x000049dc       0x70 ./lwip/src/core/netif.o
                0x000049dc                netif_set_ipaddr
 .text.netif_set_default
                0x00004a4c       0x20 ./lwip/src/core/netif.o
                0x00004a4c                netif_set_default
 .text.pbuf_alloc
                0x00004a6c      0x2d4 ./lwip/src/core/pbuf.o
                0x00004a6c                pbuf_alloc
 .text.pbuf_alloced_custom
                0x00004d40       0xc4 ./lwip/src/core/pbuf.o
                0x00004d40                pbuf_alloced_custom
 .text.pbuf_realloc
                0x00004e04      0x12c ./lwip/src/core/pbuf.o
                0x00004e04                pbuf_realloc
 .text.pbuf_header_impl
                0x00004f30      0x124 ./lwip/src/core/pbuf.o
 .text.pbuf_free
                0x00005054      0x10c ./lwip/src/core/pbuf.o
                0x00005054                pbuf_free
 .text.pbuf_ref
                0x00005160       0x40 ./lwip/src/core/pbuf.o
                0x00005160                pbuf_ref
 .text.pbuf_cat
                0x000051a0       0x8c ./lwip/src/core/pbuf.o
                0x000051a0                pbuf_cat
 .text.pbuf_copy
                0x0000522c      0x160 ./lwip/src/core/pbuf.o
                0x0000522c                pbuf_copy
 .text.pbuf_copy_partial
                0x0000538c       0xdc ./lwip/src/core/pbuf.o
                0x0000538c                pbuf_copy_partial
 .text.tcp_tmr  0x00005468       0x2c ./lwip/src/core/tcp.o
                0x00005468                tcp_tmr
 .text.tcp_listen_closed
                0x00005494       0x5c ./lwip/src/core/tcp.o
 .text.tcp_backlog_accepted
                0x000054f0       0x64 ./lwip/src/core/tcp.o
                0x000054f0                tcp_backlog_accepted
 .text.tcp_close_shutdown
                0x00005554      0x1c0 ./lwip/src/core/tcp.o
 .text.tcp_close_shutdown_fin
                0x00005714       0xc4 ./lwip/src/core/tcp.o
 .text.tcp_abandon
                0x000057d8      0x148 ./lwip/src/core/tcp.o
                0x000057d8                tcp_abandon
 .text.tcp_update_rcv_ann_wnd
                0x00005920       0x8c ./lwip/src/core/tcp.o
                0x00005920                tcp_update_rcv_ann_wnd
 .text.tcp_recved
                0x000059ac       0xa0 ./lwip/src/core/tcp.o
                0x000059ac                tcp_recved
 .text.tcp_new_port
                0x00005a4c       0x88 ./lwip/src/core/tcp.o
 .text.tcp_connect
                0x00005ad4      0x1d8 ./lwip/src/core/tcp.o
                0x00005ad4                tcp_connect
 .text.tcp_slowtmr
                0x00005cac      0x4ec ./lwip/src/core/tcp.o
                0x00005cac                tcp_slowtmr
 .text.tcp_fasttmr
                0x00006198       0xc8 ./lwip/src/core/tcp.o
                0x00006198                tcp_fasttmr
 .text.tcp_kill_prio
                0x00006260       0x84 ./lwip/src/core/tcp.o
 .text.tcp_kill_state
                0x000062e4       0x84 ./lwip/src/core/tcp.o
 .text.tcp_kill_timewait
                0x00006368       0x60 ./lwip/src/core/tcp.o
 .text.tcp_alloc
                0x000063c8      0x100 ./lwip/src/core/tcp.o
                0x000063c8                tcp_alloc
 .text.tcp_recv
                0x000064c8       0x30 ./lwip/src/core/tcp.o
                0x000064c8                tcp_recv
 .text.tcp_sent
                0x000064f8       0x30 ./lwip/src/core/tcp.o
                0x000064f8                tcp_sent
 .text.tcp_err  0x00006528       0x34 ./lwip/src/core/tcp.o
                0x00006528                tcp_err
 .text.tcp_poll
                0x0000655c       0x38 ./lwip/src/core/tcp.o
                0x0000655c                tcp_poll
 .text.tcp_pcb_remove
                0x00006594       0xc4 ./lwip/src/core/tcp.o
                0x00006594                tcp_pcb_remove
 .text.tcp_next_iss
                0x00006658       0x30 ./lwip/src/core/tcp.o
                0x00006658                tcp_next_iss
 .text.tcp_netif_ip_addr_changed
                0x00006688       0x80 ./lwip/src/core/tcp.o
                0x00006688                tcp_netif_ip_addr_changed
 .text.tcp_input
                0x00006708      0x758 ./lwip/src/core/tcp_in.o
                0x00006708                tcp_input
 .text.tcp_input_delayed_close
                0x00006e60       0x64 ./lwip/src/core/tcp_in.o
 .text.tcp_listen_input
                0x00006ec4      0x1f0 ./lwip/src/core/tcp_in.o
 .text.tcp_timewait_input
                0x000070b4       0xd0 ./lwip/src/core/tcp_in.o
 .text.tcp_process
                0x00007184      0x74c ./lwip/src/core/tcp_in.o
 .text.tcp_receive
                0x000078d0      0x954 ./lwip/src/core/tcp_in.o
 .text.tcp_getoptbyte
                0x00008224       0x78 ./lwip/src/core/tcp_in.o
 .text.tcp_parseopt
                0x0000829c       0xc8 ./lwip/src/core/tcp_in.o
 .text.tcp_trigger_input_pcb_close
                0x00008364       0x20 ./lwip/src/core/tcp_in.o
                0x00008364                tcp_trigger_input_pcb_close
 .text.tcp_output_alloc_header
                0x00008384       0xe8 ./lwip/src/core/tcp_out.o
 .text.tcp_create_segment
                0x0000846c      0x108 ./lwip/src/core/tcp_out.o
 .text.tcp_pbuf_prealloc
                0x00008574       0xb4 ./lwip/src/core/tcp_out.o
 .text.tcp_write_checks
                0x00008628       0xd4 ./lwip/src/core/tcp_out.o
 .text.tcp_write
                0x000086fc      0x6c4 ./lwip/src/core/tcp_out.o
                0x000086fc                tcp_write
 .text.tcp_enqueue_flags
                0x00008dc0      0x1c8 ./lwip/src/core/tcp_out.o
                0x00008dc0                tcp_enqueue_flags
 .text.tcp_output
                0x00008f88      0x3c4 ./lwip/src/core/tcp_out.o
                0x00008f88                tcp_output
 .text.tcp_output_segment
                0x0000934c      0x164 ./lwip/src/core/tcp_out.o
 .text.tcp_rst  0x000094b0       0xf8 ./lwip/src/core/tcp_out.o
                0x000094b0                tcp_rst
 .text.tcpip_tcp_timer
                0x000095a8       0x48 ./lwip/src/core/timeouts.o
 .text.tcp_timer_needed
                0x000095f0       0x40 ./lwip/src/core/timeouts.o
                0x000095f0                tcp_timer_needed
 .text.cyclic_timer
                0x00009630       0x2c ./lwip/src/core/timeouts.o
 .text.sys_timeouts_init
                0x0000965c       0x50 ./lwip/src/core/timeouts.o
                0x0000965c                sys_timeouts_init
 .text.sys_timeout
                0x000096ac      0x138 ./lwip/src/core/timeouts.o
                0x000096ac                sys_timeout
 .text.sys_check_timeouts
                0x000097e4       0xa4 ./lwip/src/core/timeouts.o
 .text.sys_timeouts_sleeptime
                0x00009888       0x4c ./lwip/src/core/timeouts.o
 .text.sys_timeouts_mbox_fetch
                0x000098d4       0x4c ./lwip/src/core/timeouts.o
                0x000098d4                sys_timeouts_mbox_fetch
 .text.udp_new_port
                0x00009920       0x70 ./lwip/src/core/udp.o
 .text.udp_input_local_match
                0x00009990       0x78 ./lwip/src/core/udp.o
 .text.udp_input
                0x00009a08      0x1ec ./lwip/src/core/udp.o
                0x00009a08                udp_input
 .text.udp_sendto_if_src
                0x00009bf4      0x158 ./lwip/src/core/udp.o
                0x00009bf4                udp_sendto_if_src
 .text.udp_bind
                0x00009d4c       0xe0 ./lwip/src/core/udp.o
                0x00009d4c                udp_bind
 .text.udp_connect
                0x00009e2c       0xac ./lwip/src/core/udp.o
                0x00009e2c                udp_connect
 .text.udp_netif_ip_addr_changed
                0x00009ed8       0x60 ./lwip/src/core/udp.o
                0x00009ed8                udp_netif_ip_addr_changed
 .text.netconn_new_with_proto_and_callback
                0x00009f38       0xbc ./lwip/src/api/api_lib.o
                0x00009f38                netconn_new_with_proto_and_callback
 .text.netconn_connect
                0x00009ff4       0x60 ./lwip/src/api/api_lib.o
                0x00009ff4                netconn_connect
 .text.netconn_write_partly
                0x0000a054       0xd8 ./lwip/src/api/api_lib.o
                0x0000a054                netconn_write_partly
 .text.recv_udp
                0x0000a12c       0xd8 ./lwip/src/api/api_msg.o
 .text.recv_tcp
                0x0000a204       0xec ./lwip/src/api/api_msg.o
 .text.poll_tcp
                0x0000a2f0       0xc0 ./lwip/src/api/api_msg.o
 .text.sent_tcp
                0x0000a3b0       0xa0 ./lwip/src/api/api_msg.o
 .text.err_tcp  0x0000a450      0x1a8 ./lwip/src/api/api_msg.o
 .text.setup_tcp
                0x0000a5f8       0x50 ./lwip/src/api/api_msg.o
 .text.pcb_new  0x0000a648       0xc4 ./lwip/src/api/api_msg.o
 .text.netconn_alloc
                0x0000a70c       0xd4 ./lwip/src/api/api_msg.o
                0x0000a70c                netconn_alloc
 .text.lwip_netconn_do_close_internal
                0x0000a7e0      0x2b0 ./lwip/src/api/api_msg.o
 .text.lwip_netconn_do_connected
                0x0000aa90      0x12c ./lwip/src/api/api_msg.o
 .text.lwip_netconn_do_connect
                0x0000abbc      0x1a4 ./lwip/src/api/api_msg.o
                0x0000abbc                lwip_netconn_do_connect
 .text.lwip_netconn_do_writemore
                0x0000ad60      0x318 ./lwip/src/api/api_msg.o
 .text.lwip_netconn_do_write
                0x0000b078      0x138 ./lwip/src/api/api_msg.o
                0x0000b078                lwip_netconn_do_write
 .text.tcpip_thread
                0x0000b1b0       0xb8 ./lwip/src/api/tcpip.o
 .text.tcpip_inpkt
                0x0000b268       0x74 ./lwip/src/api/tcpip.o
                0x0000b268                tcpip_inpkt
 .text.tcpip_input
                0x0000b2dc       0x44 ./lwip/src/api/tcpip.o
                0x0000b2dc                tcpip_input
 .text.tcpip_send_msg_wait_sem
                0x0000b320       0x2c ./lwip/src/api/tcpip.o
                0x0000b320                tcpip_send_msg_wait_sem
 .text.tcpip_init
                0x0000b34c       0x7c ./lwip/src/api/tcpip.o
                0x0000b34c                tcpip_init
 .text.__NVIC_SetPriority
                0x0000b3c8       0x54 ./lwip/port/ethernetif.o
 .text.ethernet_callback
                0x0000b41c       0x94 ./lwip/port/ethernetif.o
 .text.enet_init
                0x0000b4b0      0x1a0 ./lwip/port/ethernetif.o
 .text.enet_get_tx_buffer
                0x0000b650       0x1c ./lwip/port/ethernetif.o
 .text.low_level_output
                0x0000b66c       0xac ./lwip/port/ethernetif.o
 .text.ethernetif_input
                0x0000b718       0x4c ./lwip/port/ethernetif.o
                0x0000b718                ethernetif_input
 .text.get_enet_base
                0x0000b764       0x68 ./lwip/port/ethernetif.o
 .text.ethernetif_init
                0x0000b7cc       0x90 ./lwip/port/ethernetif.o
 .text.ethernetif0_init
                0x0000b85c       0x4c ./lwip/port/ethernetif.o
                0x0000b85c                ethernetif0_init
 .text.sys_assert
                0x0000b8a8       0x20 ./lwip/port/sys_arch.o
                0x0000b8a8                sys_assert
 .text.sys_mbox_trypost
                0x0000b8c8       0x94 ./lwip/port/sys_arch.o
                0x0000b8c8                sys_mbox_trypost
 .text.CLOCK_SetEr32kClock
                0x0000b95c       0x30 ./drivers/fsl_clock.o
 .text.CLOCK_SetPllFllSelClock
                0x0000b98c       0x3c ./drivers/fsl_clock.o
 .text.CLOCK_GetMcgExtClkFreq
                0x0000b9c8       0x78 ./drivers/fsl_clock.o
 .text.CLOCK_GetFllExtRefClkFreq
                0x0000ba40       0xd0 ./drivers/fsl_clock.o
 .text.CLOCK_GetInternalRefClkSelectFreq
                0x0000bb10       0x44 ./drivers/fsl_clock.o
 .text.CLOCK_GetFllRefClkFreq
                0x0000bb54       0x2c ./drivers/fsl_clock.o
 .text.CLOCK_GetOscRangeFromFreq
                0x0000bb80       0x3c ./drivers/fsl_clock.o
 .text.CLOCK_GetOsc0ErClkFreq
                0x0000bbbc       0x38 ./drivers/fsl_clock.o
                0x0000bbbc                CLOCK_GetOsc0ErClkFreq
 .text.CLOCK_GetEr32kClkFreq
                0x0000bbf4       0x70 ./drivers/fsl_clock.o
                0x0000bbf4                CLOCK_GetEr32kClkFreq
 .text.CLOCK_GetPllFllSelClkFreq
                0x0000bc64       0x54 ./drivers/fsl_clock.o
                0x0000bc64                CLOCK_GetPllFllSelClkFreq
 .text.CLOCK_GetCoreSysClkFreq
                0x0000bcb8       0x28 ./drivers/fsl_clock.o
                0x0000bcb8                CLOCK_GetCoreSysClkFreq
 .text.CLOCK_GetFreq
                0x0000bce0      0x148 ./drivers/fsl_clock.o
                0x0000bce0                CLOCK_GetFreq
 .text.CLOCK_SetSimConfig
                0x0000be28       0x38 ./drivers/fsl_clock.o
                0x0000be28                CLOCK_SetSimConfig
 .text.CLOCK_GetOutClkFreq
                0x0000be60       0x64 ./drivers/fsl_clock.o
                0x0000be60                CLOCK_GetOutClkFreq
 .text.CLOCK_GetFllFreq
                0x0000bec4       0x7c ./drivers/fsl_clock.o
                0x0000bec4                CLOCK_GetFllFreq
 .text.CLOCK_GetInternalRefClkFreq
                0x0000bf40       0x24 ./drivers/fsl_clock.o
                0x0000bf40                CLOCK_GetInternalRefClkFreq
 .text.CLOCK_GetPll0Freq
                0x0000bf64       0x68 ./drivers/fsl_clock.o
                0x0000bf64                CLOCK_GetPll0Freq
 .text.CLOCK_SetExternalRefClkConfig
                0x0000bfcc       0x6c ./drivers/fsl_clock.o
                0x0000bfcc                CLOCK_SetExternalRefClkConfig
 .text.CLOCK_SetInternalRefClkConfig
                0x0000c038      0x104 ./drivers/fsl_clock.o
                0x0000c038                CLOCK_SetInternalRefClkConfig
 .text.CLOCK_EnablePll0
                0x0000c13c       0x84 ./drivers/fsl_clock.o
                0x0000c13c                CLOCK_EnablePll0
 .text.CLOCK_InitOsc0
                0x0000c1c0       0x8c ./drivers/fsl_clock.o
                0x0000c1c0                CLOCK_InitOsc0
 .text.CLOCK_SetPbeMode
                0x0000c24c       0xa8 ./drivers/fsl_clock.o
                0x0000c24c                CLOCK_SetPbeMode
 .text.CLOCK_BootToPeeMode
                0x0000c2f4       0x64 ./drivers/fsl_clock.o
                0x0000c2f4                CLOCK_BootToPeeMode
 .text.__NVIC_EnableIRQ
                0x0000c358       0x3c ./drivers/fsl_enet.o
 .text.ENET_GetInstance
                0x0000c394       0x44 ./drivers/fsl_enet.o
                0x0000c394                ENET_GetInstance
 .text.ENET_GetDefaultConfig
                0x0000c3d8       0x4c ./drivers/fsl_enet.o
                0x0000c3d8                ENET_GetDefaultConfig
 .text.ENET_Init
                0x0000c424       0xb8 ./drivers/fsl_enet.o
                0x0000c424                ENET_Init
 .text.ENET_SetCallback
                0x0000c4dc       0x30 ./drivers/fsl_enet.o
                0x0000c4dc                ENET_SetCallback
 .text.ENET_SetHandler
                0x0000c50c      0x144 ./drivers/fsl_enet.o
 .text.ENET_SetMacController
                0x0000c650      0x24c ./drivers/fsl_enet.o
 .text.ENET_SetTxBufferDescriptors
                0x0000c89c       0xd8 ./drivers/fsl_enet.o
 .text.ENET_SetRxBufferDescriptors
                0x0000c974       0xec ./drivers/fsl_enet.o
 .text.ENET_ActiveSend
                0x0000ca60       0x3c ./drivers/fsl_enet.o
 .text.ENET_SetSMI
                0x0000ca9c       0x8c ./drivers/fsl_enet.o
                0x0000ca9c                ENET_SetSMI
 .text.ENET_GetRxFrameSize
                0x0000cb28       0xe4 ./drivers/fsl_enet.o
                0x0000cb28                ENET_GetRxFrameSize
 .text.ENET_ReadFrame
                0x0000cc0c      0x13c ./drivers/fsl_enet.o
                0x0000cc0c                ENET_ReadFrame
 .text.ENET_UpdateReadBuffers
                0x0000cd48       0xd4 ./drivers/fsl_enet.o
 .text.ENET_SendFrame
                0x0000ce1c      0x1a8 ./drivers/fsl_enet.o
                0x0000ce1c                ENET_SendFrame
 .text.ENET_TransmitIRQHandler
                0x0000cfc4       0x54 ./drivers/fsl_enet.o
                0x0000cfc4                ENET_TransmitIRQHandler
 .text.ENET_ReceiveIRQHandler
                0x0000d018       0x54 ./drivers/fsl_enet.o
                0x0000d018                ENET_ReceiveIRQHandler
 .text.ENET_ErrorIRQHandler
                0x0000d06c       0x8c ./drivers/fsl_enet.o
                0x0000d06c                ENET_ErrorIRQHandler
 .text.ENET_Transmit_IRQHandler
                0x0000d0f8       0x28 ./drivers/fsl_enet.o
                0x0000d0f8                ENET_Transmit_IRQHandler
 .text.ENET_Receive_IRQHandler
                0x0000d120       0x28 ./drivers/fsl_enet.o
                0x0000d120                ENET_Receive_IRQHandler
 .text.ENET_Error_IRQHandler
                0x0000d148       0x28 ./drivers/fsl_enet.o
                0x0000d148                ENET_Error_IRQHandler
 .text.ENET_1588_Timer_IRQHandler
                0x0000d170       0x28 ./drivers/fsl_enet.o
                0x0000d170                ENET_1588_Timer_IRQHandler
 .text.UART_GetInstance
                0x0000d198       0x54 ./drivers/fsl_uart.o
                0x0000d198                UART_GetInstance
 .text.UART_Init
                0x0000d1ec      0x2f4 ./drivers/fsl_uart.o
                0x0000d1ec                UART_Init
 .text.UART_GetDefaultConfig
                0x0000d4e0       0x60 ./drivers/fsl_uart.o
                0x0000d4e0                UART_GetDefaultConfig
 .text.UART0_DriverIRQHandler
                0x0000d540       0x28 ./drivers/fsl_uart.o
                0x0000d540                UART0_DriverIRQHandler
 .text.UART1_DriverIRQHandler
                0x0000d568       0x28 ./drivers/fsl_uart.o
                0x0000d568                UART1_DriverIRQHandler
 .text.UART2_DriverIRQHandler
                0x0000d590       0x28 ./drivers/fsl_uart.o
                0x0000d590                UART2_DriverIRQHandler
 .text.UART3_DriverIRQHandler
                0x0000d5b8       0x28 ./drivers/fsl_uart.o
                0x0000d5b8                UART3_DriverIRQHandler
 .text.UART4_DriverIRQHandler
                0x0000d5e0       0x28 ./drivers/fsl_uart.o
                0x0000d5e0                UART4_DriverIRQHandler
 .text.UART5_DriverIRQHandler
                0x0000d608       0x28 ./drivers/fsl_uart.o
                0x0000d608                UART5_DriverIRQHandler
 .text.BOARD_InitDebugConsole
                0x0000d630       0x28 ./board/src/board.o
                0x0000d630                BOARD_InitDebugConsole
 .text.CLOCK_SetSimSafeDivs
                0x0000d658       0x20 ./board/src/clock_config.o
 .text.CLOCK_SetXtal0Freq
                0x0000d678       0x20 ./board/src/clock_config.o
 .text.CLOCK_CONFIG_SetFllExtRefDiv
                0x0000d698       0x3c ./board/src/clock_config.o
 .text.BOARD_BootClockRUN
                0x0000d6d4       0x60 ./board/src/clock_config.o
                0x0000d6d4                BOARD_BootClockRUN
 .text.PHY_Init
                0x0000d734      0x12c ./board/fsl_phy.o
                0x0000d734                PHY_Init
 .text.PHY_Read
                0x0000d860       0x88 ./board/fsl_phy.o
                0x0000d860                PHY_Read
 .text.PHY_GetLinkStatus
                0x0000d8e8       0x58 ./board/fsl_phy.o
                0x0000d8e8                PHY_GetLinkStatus
 .text.PHY_GetLinkSpeedDuplex
                0x0000d940       0x88 ./board/fsl_phy.o
                0x0000d940                PHY_GetLinkSpeedDuplex
 .text.PORT_SetPinConfig
                0x0000d9c8       0x38 ./board/pin_mux.o
 .text.BOARD_InitPins
                0x0000da00      0x100 ./board/pin_mux.o
                0x0000da00                BOARD_InitPins
 .text.vPortSetupTimerInterrupt
                0x0000db00       0x48 ./amazon-freertos/portable/fsl_tickless_systick.o
                0x0000db00                vPortSetupTimerInterrupt
 .text.pxPortInitialiseStack
                0x0000db48       0x68 ./amazon-freertos/FreeRTOS/portable/port.o
                0x0000db48                pxPortInitialiseStack
 .text.prvTaskExitError
                0x0000dbb0       0x54 ./amazon-freertos/FreeRTOS/portable/port.o
 .text.prvPortStartFirstTask
                0x0000dc04       0x28 ./amazon-freertos/FreeRTOS/portable/port.o
 .text.xPortStartScheduler
                0x0000dc2c      0x13c ./amazon-freertos/FreeRTOS/portable/port.o
                0x0000dc2c                xPortStartScheduler
 .text.vPortEnterCritical
                0x0000dd68       0x5c ./amazon-freertos/FreeRTOS/portable/port.o
                0x0000dd68                vPortEnterCritical
 .text.vPortExitCritical
                0x0000ddc4       0x50 ./amazon-freertos/FreeRTOS/portable/port.o
                0x0000ddc4                vPortExitCritical
 .text.SysTick_Handler
                0x0000de14       0x40 ./amazon-freertos/FreeRTOS/portable/port.o
                0x0000de14                SysTick_Handler
 .text.vPortEnableVFP
                0x0000de54       0x14 ./amazon-freertos/FreeRTOS/portable/port.o
 .text.vPortValidateInterruptPriority
                0x0000de68       0x7c ./amazon-freertos/FreeRTOS/portable/port.o
                0x0000de68                vPortValidateInterruptPriority
 .text.xEventGroupWaitBits
                0x0000dee4      0x194 ./amazon-freertos/FreeRTOS/event_groups.o
                0x0000dee4                xEventGroupWaitBits
 .text.xEventGroupSetBitsFromISR
                0x0000e078       0x28 ./amazon-freertos/FreeRTOS/event_groups.o
                0x0000e078                xEventGroupSetBitsFromISR
 .text.xQueueGenericReset
                0x0000e0a0       0xd0 ./amazon-freertos/FreeRTOS/queue.o
                0x0000e0a0                xQueueGenericReset
 .text.xQueueGenericSend
                0x0000e170      0x1f4 ./amazon-freertos/FreeRTOS/queue.o
                0x0000e170                xQueueGenericSend
 .text.xQueueReceive
                0x0000e364      0x1b8 ./amazon-freertos/FreeRTOS/queue.o
                0x0000e364                xQueueReceive
 .text.xQueueSemaphoreTake
                0x0000e51c      0x214 ./amazon-freertos/FreeRTOS/queue.o
                0x0000e51c                xQueueSemaphoreTake
 .text.vQueueAddToRegistry
                0x0000e730       0x50 ./amazon-freertos/FreeRTOS/queue.o
                0x0000e730                vQueueAddToRegistry
 .text.vQueueUnregisterQueue
                0x0000e780       0x54 ./amazon-freertos/FreeRTOS/queue.o
                0x0000e780                vQueueUnregisterQueue
 .text.prvAddNewTaskToReadyList
                0x0000e7d4       0xdc ./amazon-freertos/FreeRTOS/tasks.o
 .text.vTaskDelete
                0x0000e8b0      0x11c ./amazon-freertos/FreeRTOS/tasks.o
                0x0000e8b0                vTaskDelete
 .text.vTaskDelay
                0x0000e9cc       0x68 ./amazon-freertos/FreeRTOS/tasks.o
                0x0000e9cc                vTaskDelay
 .text.vTaskStartScheduler
                0x0000ea34       0x98 ./amazon-freertos/FreeRTOS/tasks.o
                0x0000ea34                vTaskStartScheduler
 .text.vTaskSuspendAll
                0x0000eacc       0x1c ./amazon-freertos/FreeRTOS/tasks.o
                0x0000eacc                vTaskSuspendAll
 .text.xTaskResumeAll
                0x0000eae8      0x138 ./amazon-freertos/FreeRTOS/tasks.o
                0x0000eae8                xTaskResumeAll
 .text.xTaskGetTickCount
                0x0000ec20       0x20 ./amazon-freertos/FreeRTOS/tasks.o
                0x0000ec20                xTaskGetTickCount
 .text.xTaskIncrementTick
                0x0000ec40      0x158 ./amazon-freertos/FreeRTOS/tasks.o
                0x0000ec40                xTaskIncrementTick
 .text.vTaskSwitchContext
                0x0000ed98       0xb4 ./amazon-freertos/FreeRTOS/tasks.o
                0x0000ed98                vTaskSwitchContext
 .text.vTaskPlaceOnEventList
                0x0000ee4c       0x48 ./amazon-freertos/FreeRTOS/tasks.o
                0x0000ee4c                vTaskPlaceOnEventList
 .text.vTaskPlaceOnUnorderedEventList
                0x0000ee94       0x74 ./amazon-freertos/FreeRTOS/tasks.o
                0x0000ee94                vTaskPlaceOnUnorderedEventList
 .text.vTaskPlaceOnEventListRestricted
                0x0000ef08       0x54 ./amazon-freertos/FreeRTOS/tasks.o
                0x0000ef08                vTaskPlaceOnEventListRestricted
 .text.xTaskRemoveFromEventList
                0x0000ef5c       0xc4 ./amazon-freertos/FreeRTOS/tasks.o
                0x0000ef5c                xTaskRemoveFromEventList
 .text.vTaskRemoveFromUnorderedEventList
                0x0000f020       0xc0 ./amazon-freertos/FreeRTOS/tasks.o
                0x0000f020                vTaskRemoveFromUnorderedEventList
 .text.vTaskInternalSetTimeOutState
                0x0000f0e0       0x2c ./amazon-freertos/FreeRTOS/tasks.o
                0x0000f0e0                vTaskInternalSetTimeOutState
 .text.xTaskCheckForTimeOut
                0x0000f10c       0xc0 ./amazon-freertos/FreeRTOS/tasks.o
                0x0000f10c                xTaskCheckForTimeOut
 .text.vTaskMissedYield
                0x0000f1cc       0x18 ./amazon-freertos/FreeRTOS/tasks.o
                0x0000f1cc                vTaskMissedYield
 .text.prvIdleTask
                0x0000f1e4       0x30 ./amazon-freertos/FreeRTOS/tasks.o
 .text.prvInitialiseTaskLists
                0x0000f214       0x80 ./amazon-freertos/FreeRTOS/tasks.o
 .text.prvCheckTasksWaitingTermination
                0x0000f294       0x58 ./amazon-freertos/FreeRTOS/tasks.o
 .text.prvResetNextTaskUnblockTime
                0x0000f2ec       0x4c ./amazon-freertos/FreeRTOS/tasks.o
 .text.xTaskGetSchedulerState
                0x0000f338       0x3c ./amazon-freertos/FreeRTOS/tasks.o
                0x0000f338                xTaskGetSchedulerState
 .text.xTaskPriorityInherit
                0x0000f374      0x10c ./amazon-freertos/FreeRTOS/tasks.o
                0x0000f374                xTaskPriorityInherit
 .text.xTaskPriorityDisinherit
                0x0000f480      0x108 ./amazon-freertos/FreeRTOS/tasks.o
                0x0000f480                xTaskPriorityDisinherit
 .text.vTaskPriorityDisinheritAfterTimeout
                0x0000f588      0x13c ./amazon-freertos/FreeRTOS/tasks.o
                0x0000f588                vTaskPriorityDisinheritAfterTimeout
 .text.uxTaskResetEventItemValue
                0x0000f6c4       0x30 ./amazon-freertos/FreeRTOS/tasks.o
                0x0000f6c4                uxTaskResetEventItemValue
 .text.pvTaskIncrementMutexHeldCount
                0x0000f6f4       0x28 ./amazon-freertos/FreeRTOS/tasks.o
                0x0000f6f4                pvTaskIncrementMutexHeldCount
 .text.prvAddCurrentTaskToDelayedList
                0x0000f71c       0xcc ./amazon-freertos/FreeRTOS/tasks.o
 .text.xTimerCreateTimerTask
                0x0000f7e8       0x60 ./amazon-freertos/FreeRTOS/timers.o
                0x0000f7e8                xTimerCreateTimerTask
 .text.xTimerGenericCommand
                0x0000f848       0x98 ./amazon-freertos/FreeRTOS/timers.o
                0x0000f848                xTimerGenericCommand
 .text.prvProcessExpiredTimer
                0x0000f8e0       0x80 ./amazon-freertos/FreeRTOS/timers.o
 .text.prvProcessTimerOrBlockTask
                0x0000f960       0x9c ./amazon-freertos/FreeRTOS/timers.o
 .text.prvGetNextExpireTime
                0x0000f9fc       0x48 ./amazon-freertos/FreeRTOS/timers.o
 .text.prvSampleTimeNow
                0x0000fa44       0x40 ./amazon-freertos/FreeRTOS/timers.o
 .text.prvInsertTimerInActiveList
                0x0000fa84       0x84 ./amazon-freertos/FreeRTOS/timers.o
 .text.prvProcessReceivedCommands
                0x0000fb08      0x154 ./amazon-freertos/FreeRTOS/timers.o
 .text.prvSwitchTimerLists
                0x0000fc5c       0xc0 ./amazon-freertos/FreeRTOS/timers.o
 .text.prvCheckForValidListAndQueue
                0x0000fd1c       0x6c ./amazon-freertos/FreeRTOS/timers.o
 .text.xTimerPendFunctionCallFromISR
                0x0000fd88       0x40 ./amazon-freertos/FreeRTOS/timers.o
                0x0000fd88                xTimerPendFunctionCallFromISR
 .text.SystemInit
                0x0000fdc8       0x3c ./CMSIS/system_MK64F12.o
                0x0000fdc8                SystemInit
 .text.__assertion_failed
                0x0000fe04       0x4c c:/nxp/mcuxpressoide_10.2.1_795/ide/tools/bin/../lib/gcc/arm-none-eabi/7.2.1/../../../../arm-none-eabi/lib/thumb/v7e-m/fpv4-sp/hard\libcr_semihost_nf.a(_cr_assert.o)
                0x0000fe04                __assertion_failed
 .text.__sys_appexit
                0x0000fe50        0xc c:/nxp/mcuxpressoide_10.2.1_795/ide/tools/bin/../lib/gcc/arm-none-eabi/7.2.1/../../../../arm-none-eabi/lib/thumb/v7e-m/fpv4-sp/hard\libcr_semihost_nf.a(__sys_appexit.o)
                0x0000fe50                __sys_appexit
                0x0000fe50                __exit
 .text._Cwritebuf
                0x0000fe5c       0x6c c:/nxp/mcuxpressoide_10.2.1_795/ide/tools/bin/../lib/gcc/arm-none-eabi/7.2.1/../../../../arm-none-eabi/lib/thumb/v7e-m/fpv4-sp/hard\libcr_c.a(_writebuf.o)
                0x0000fe5c                _Cwritebuf
 .text.malloc   0x0000fec8       0xc8 c:/nxp/mcuxpressoide_10.2.1_795/ide/tools/bin/../lib/gcc/arm-none-eabi/7.2.1/../../../../arm-none-eabi/lib/thumb/v7e-m/fpv4-sp/hard\libcr_c.a(alloc.o)
                0x0000fec8                malloc
 .text._Csys_alloc
                0x0000ff90       0x20 c:/nxp/mcuxpressoide_10.2.1_795/ide/tools/bin/../lib/gcc/arm-none-eabi/7.2.1/../../../../arm-none-eabi/lib/thumb/v7e-m/fpv4-sp/hard\libcr_c.a(alloc.o)
                0x0000ff90                _Csys_alloc
 .text.fseek    0x0000ffb0      0x100 c:/nxp/mcuxpressoide_10.2.1_795/ide/tools/bin/../lib/gcc/arm-none-eabi/7.2.1/../../../../arm-none-eabi/lib/thumb/v7e-m/fpv4-sp/hard\libcr_c.a(fseek.o)
                0x0000ffb0                fseek
 .text.ftell    0x000100b0       0x44 c:/nxp/mcuxpressoide_10.2.1_795/ide/tools/bin/../lib/gcc/arm-none-eabi/7.2.1/../../../../arm-none-eabi/lib/thumb/v7e-m/fpv4-sp/hard\libcr_c.a(ftell.o)
                0x000100b0                ftell
 .text._initio  0x000100f4       0x78 c:/nxp/mcuxpressoide_10.2.1_795/ide/tools/bin/../lib/gcc/arm-none-eabi/7.2.1/../../../../arm-none-eabi/lib/thumb/v7e-m/fpv4-sp/hard\libcr_c.a(initio.o)
                0x000100f4                _initio
 .text.__vfprintf
                0x0001016c      0xb98 c:/nxp/mcuxpressoide_10.2.1_795/ide/tools/bin/../lib/gcc/arm-none-eabi/7.2.1/../../../../arm-none-eabi/lib/thumb/v7e-m/fpv4-sp/hard\libcr_c.a(printf.o)
                0x0001016c                __vfprintf
 .text._vsnprintf
                0x00010d04       0x5c c:/nxp/mcuxpressoide_10.2.1_795/ide/tools/bin/../lib/gcc/arm-none-eabi/7.2.1/../../../../arm-none-eabi/lib/thumb/v7e-m/fpv4-sp/hard\libcr_c.a(printf.o)
                0x00010d04                _vsnprintf
 .text._printf  0x00010d60       0x54 c:/nxp/mcuxpressoide_10.2.1_795/ide/tools/bin/../lib/gcc/arm-none-eabi/7.2.1/../../../../arm-none-eabi/lib/thumb/v7e-m/fpv4-sp/hard\libcr_c.a(printf.o)
                0x00010d60                _printf
 .text.setvbuf  0x00010db4       0x40 c:/nxp/mcuxpressoide_10.2.1_795/ide/tools/bin/../lib/gcc/arm-none-eabi/7.2.1/../../../../arm-none-eabi/lib/thumb/v7e-m/fpv4-sp/hard\libcr_c.a(setvbuf.o)
                0x00010db4                setvbuf
 .text._sbrk    0x00010df4       0x3c c:/nxp/mcuxpressoide_10.2.1_795/ide/tools/bin/../lib/gcc/arm-none-eabi/7.2.1/../../../../arm-none-eabi/lib/thumb/v7e-m/fpv4-sp/hard\libcr_c.a(_cr_sbrk.o)
                0x00010df4                _sbrk
 .text.fflush   0x00010e30       0x44 c:/nxp/mcuxpressoide_10.2.1_795/ide/tools/bin/../lib/gcc/arm-none-eabi/7.2.1/../../../../arm-none-eabi/lib/thumb/v7e-m/fpv4-sp/hard\libcr_c.a(fflush.o)
                0x00010e30                fflush
 .text.__check_heap_overflow
                0x00010e74       0x18 c:/nxp/mcuxpressoide_10.2.1_795/ide/tools/bin/../lib/gcc/arm-none-eabi/7.2.1/../../../../arm-none-eabi/lib/thumb/v7e-m/fpv4-sp/hard\libcr_c.a(_cr_check_heap.o)
                0x00010e74                __check_heap_overflow
 .text.UART_EnableTx
                0x00010e8c       0x40 ./utilities/fsl_io.o
 .text.UART_EnableRx
                0x00010ecc       0x40 ./utilities/fsl_io.o
 .text.LOG_Init
                0x00010f0c       0x30 ./utilities/fsl_log.o
                0x00010f0c                LOG_Init
 .text.DMA0_IRQHandler
                0x00010f3c        0x8 ./startup/startup_mk64f12.o
                0x00010f3c                DMA0_IRQHandler
 .text.DMA1_IRQHandler
                0x00010f44        0x8 ./startup/startup_mk64f12.o
                0x00010f44                DMA1_IRQHandler
 .text.DMA2_IRQHandler
                0x00010f4c        0x8 ./startup/startup_mk64f12.o
                0x00010f4c                DMA2_IRQHandler
 .text.DMA3_IRQHandler
                0x00010f54        0x8 ./startup/startup_mk64f12.o
                0x00010f54                DMA3_IRQHandler
 .text.DMA4_IRQHandler
                0x00010f5c        0x8 ./startup/startup_mk64f12.o
                0x00010f5c                DMA4_IRQHandler
 .text.DMA5_IRQHandler
                0x00010f64        0x8 ./startup/startup_mk64f12.o
                0x00010f64                DMA5_IRQHandler
 .text.DMA6_IRQHandler
                0x00010f6c        0x8 ./startup/startup_mk64f12.o
                0x00010f6c                DMA6_IRQHandler
 .text.DMA7_IRQHandler
                0x00010f74        0x8 ./startup/startup_mk64f12.o
                0x00010f74                DMA7_IRQHandler
 .text.DMA8_IRQHandler
                0x00010f7c        0x8 ./startup/startup_mk64f12.o
                0x00010f7c                DMA8_IRQHandler
 .text.DMA9_IRQHandler
                0x00010f84        0x8 ./startup/startup_mk64f12.o
                0x00010f84                DMA9_IRQHandler
 .text.DMA10_IRQHandler
                0x00010f8c        0x8 ./startup/startup_mk64f12.o
                0x00010f8c                DMA10_IRQHandler
 .text.DMA11_IRQHandler
                0x00010f94        0x8 ./startup/startup_mk64f12.o
                0x00010f94                DMA11_IRQHandler
 .text.DMA12_IRQHandler
                0x00010f9c        0x8 ./startup/startup_mk64f12.o
                0x00010f9c                DMA12_IRQHandler
 .text.DMA13_IRQHandler
                0x00010fa4        0x8 ./startup/startup_mk64f12.o
                0x00010fa4                DMA13_IRQHandler
 .text.DMA14_IRQHandler
                0x00010fac        0x8 ./startup/startup_mk64f12.o
                0x00010fac                DMA14_IRQHandler
 .text.DMA15_IRQHandler
                0x00010fb4        0x8 ./startup/startup_mk64f12.o
                0x00010fb4                DMA15_IRQHandler
 .text.DMA_Error_IRQHandler
                0x00010fbc        0x8 ./startup/startup_mk64f12.o
                0x00010fbc                DMA_Error_IRQHandler
 .text.MCM_IRQHandler
                0x00010fc4        0x8 ./startup/startup_mk64f12.o
                0x00010fc4                MCM_IRQHandler
 .text.FTFE_IRQHandler
                0x00010fcc        0x8 ./startup/startup_mk64f12.o
                0x00010fcc                FTFE_IRQHandler
 .text.Read_Collision_IRQHandler
                0x00010fd4        0x8 ./startup/startup_mk64f12.o
                0x00010fd4                Read_Collision_IRQHandler
 .text.LVD_LVW_IRQHandler
                0x00010fdc        0x8 ./startup/startup_mk64f12.o
                0x00010fdc                LVD_LVW_IRQHandler
 .text.LLWU_IRQHandler
                0x00010fe4        0x8 ./startup/startup_mk64f12.o
                0x00010fe4                LLWU_IRQHandler
 .text.WDOG_EWM_IRQHandler
                0x00010fec        0x8 ./startup/startup_mk64f12.o
                0x00010fec                WDOG_EWM_IRQHandler
 .text.RNG_IRQHandler
                0x00010ff4        0x8 ./startup/startup_mk64f12.o
                0x00010ff4                RNG_IRQHandler
 .text.I2C0_IRQHandler
                0x00010ffc        0x8 ./startup/startup_mk64f12.o
                0x00010ffc                I2C0_IRQHandler
 .text.I2C1_IRQHandler
                0x00011004        0x8 ./startup/startup_mk64f12.o
                0x00011004                I2C1_IRQHandler
 .text.SPI0_IRQHandler
                0x0001100c        0x8 ./startup/startup_mk64f12.o
                0x0001100c                SPI0_IRQHandler
 .text.SPI1_IRQHandler
                0x00011014        0x8 ./startup/startup_mk64f12.o
                0x00011014                SPI1_IRQHandler
 .text.I2S0_Tx_IRQHandler
                0x0001101c        0x8 ./startup/startup_mk64f12.o
                0x0001101c                I2S0_Tx_IRQHandler
 .text.I2S0_Rx_IRQHandler
                0x00011024        0x8 ./startup/startup_mk64f12.o
                0x00011024                I2S0_Rx_IRQHandler
 .text.UART0_LON_IRQHandler
                0x0001102c        0x8 ./startup/startup_mk64f12.o
                0x0001102c                UART0_LON_IRQHandler
 .text.UART0_RX_TX_IRQHandler
                0x00011034        0x8 ./startup/startup_mk64f12.o
                0x00011034                UART0_RX_TX_IRQHandler
 .text.UART0_ERR_IRQHandler
                0x0001103c        0x8 ./startup/startup_mk64f12.o
                0x0001103c                UART0_ERR_IRQHandler
 .text.UART1_RX_TX_IRQHandler
                0x00011044        0x8 ./startup/startup_mk64f12.o
                0x00011044                UART1_RX_TX_IRQHandler
 .text.UART1_ERR_IRQHandler
                0x0001104c        0x8 ./startup/startup_mk64f12.o
                0x0001104c                UART1_ERR_IRQHandler
 .text.UART2_RX_TX_IRQHandler
                0x00011054        0x8 ./startup/startup_mk64f12.o
                0x00011054                UART2_RX_TX_IRQHandler
 .text.UART2_ERR_IRQHandler
                0x0001105c        0x8 ./startup/startup_mk64f12.o
                0x0001105c                UART2_ERR_IRQHandler
 .text.UART3_RX_TX_IRQHandler
                0x00011064        0x8 ./startup/startup_mk64f12.o
                0x00011064                UART3_RX_TX_IRQHandler
 .text.UART3_ERR_IRQHandler
                0x0001106c        0x8 ./startup/startup_mk64f12.o
                0x0001106c                UART3_ERR_IRQHandler
 .text.ADC0_IRQHandler
                0x00011074        0x8 ./startup/startup_mk64f12.o
                0x00011074                ADC0_IRQHandler
 .text.CMP0_IRQHandler
                0x0001107c        0x8 ./startup/startup_mk64f12.o
                0x0001107c                CMP0_IRQHandler
 .text.CMP1_IRQHandler
                0x00011084        0x8 ./startup/startup_mk64f12.o
                0x00011084                CMP1_IRQHandler
 .text.FTM0_IRQHandler
                0x0001108c        0x8 ./startup/startup_mk64f12.o
                0x0001108c                FTM0_IRQHandler
 .text.FTM1_IRQHandler
                0x00011094        0x8 ./startup/startup_mk64f12.o
                0x00011094                FTM1_IRQHandler
 .text.FTM2_IRQHandler
                0x0001109c        0x8 ./startup/startup_mk64f12.o
                0x0001109c                FTM2_IRQHandler
 .text.CMT_IRQHandler
                0x000110a4        0x8 ./startup/startup_mk64f12.o
                0x000110a4                CMT_IRQHandler
 .text.RTC_IRQHandler
                0x000110ac        0x8 ./startup/startup_mk64f12.o
                0x000110ac                RTC_IRQHandler
 .text.RTC_Seconds_IRQHandler
                0x000110b4        0x8 ./startup/startup_mk64f12.o
                0x000110b4                RTC_Seconds_IRQHandler
 .text.PIT0_IRQHandler
                0x000110bc        0x8 ./startup/startup_mk64f12.o
                0x000110bc                PIT0_IRQHandler
 .text.PIT1_IRQHandler
                0x000110c4        0x8 ./startup/startup_mk64f12.o
                0x000110c4                PIT1_IRQHandler
 .text.PIT2_IRQHandler
                0x000110cc        0x8 ./startup/startup_mk64f12.o
                0x000110cc                PIT2_IRQHandler
 .text.PIT3_IRQHandler
                0x000110d4        0x8 ./startup/startup_mk64f12.o
                0x000110d4                PIT3_IRQHandler
 .text.PDB0_IRQHandler
                0x000110dc        0x8 ./startup/startup_mk64f12.o
                0x000110dc                PDB0_IRQHandler
 .text.USB0_IRQHandler
                0x000110e4        0x8 ./startup/startup_mk64f12.o
                0x000110e4                USB0_IRQHandler
 .text.USBDCD_IRQHandler
                0x000110ec        0x8 ./startup/startup_mk64f12.o
                0x000110ec                USBDCD_IRQHandler
 .text.Reserved71_IRQHandler
                0x000110f4        0x8 ./startup/startup_mk64f12.o
                0x000110f4                Reserved71_IRQHandler
 .text.DAC0_IRQHandler
                0x000110fc        0x8 ./startup/startup_mk64f12.o
                0x000110fc                DAC0_IRQHandler
 .text.MCG_IRQHandler
                0x00011104        0x8 ./startup/startup_mk64f12.o
                0x00011104                MCG_IRQHandler
 .text.LPTMR0_IRQHandler
                0x0001110c        0x8 ./startup/startup_mk64f12.o
                0x0001110c                LPTMR0_IRQHandler
 .text.PORTA_IRQHandler
                0x00011114        0x8 ./startup/startup_mk64f12.o
                0x00011114                PORTA_IRQHandler
 .text.PORTB_IRQHandler
                0x0001111c        0x8 ./startup/startup_mk64f12.o
                0x0001111c                PORTB_IRQHandler
 .text.PORTC_IRQHandler
                0x00011124        0x8 ./startup/startup_mk64f12.o
                0x00011124                PORTC_IRQHandler
 .text.PORTD_IRQHandler
                0x0001112c        0x8 ./startup/startup_mk64f12.o
                0x0001112c                PORTD_IRQHandler
 .text.PORTE_IRQHandler
                0x00011134        0x8 ./startup/startup_mk64f12.o
                0x00011134                PORTE_IRQHandler
 .text.SWI_IRQHandler
                0x0001113c        0x8 ./startup/startup_mk64f12.o
                0x0001113c                SWI_IRQHandler
 .text.SPI2_IRQHandler
                0x00011144        0x8 ./startup/startup_mk64f12.o
                0x00011144                SPI2_IRQHandler
 .text.UART4_RX_TX_IRQHandler
                0x0001114c        0x8 ./startup/startup_mk64f12.o
                0x0001114c                UART4_RX_TX_IRQHandler
 .text.UART4_ERR_IRQHandler
                0x00011154        0x8 ./startup/startup_mk64f12.o
                0x00011154                UART4_ERR_IRQHandler
 .text.UART5_RX_TX_IRQHandler
                0x0001115c        0x8 ./startup/startup_mk64f12.o
                0x0001115c                UART5_RX_TX_IRQHandler
 .text.UART5_ERR_IRQHandler
                0x00011164        0x8 ./startup/startup_mk64f12.o
                0x00011164                UART5_ERR_IRQHandler
 .text.CMP2_IRQHandler
                0x0001116c        0x8 ./startup/startup_mk64f12.o
                0x0001116c                CMP2_IRQHandler
 .text.FTM3_IRQHandler
                0x00011174        0x8 ./startup/startup_mk64f12.o
                0x00011174                FTM3_IRQHandler
 .text.DAC1_IRQHandler
                0x0001117c        0x8 ./startup/startup_mk64f12.o
                0x0001117c                DAC1_IRQHandler
 .text.ADC1_IRQHandler
                0x00011184        0x8 ./startup/startup_mk64f12.o
                0x00011184                ADC1_IRQHandler
 .text.I2C2_IRQHandler
                0x0001118c        0x8 ./startup/startup_mk64f12.o
                0x0001118c                I2C2_IRQHandler
 .text.CAN0_ORed_Message_buffer_IRQHandler
                0x00011194        0x8 ./startup/startup_mk64f12.o
                0x00011194                CAN0_ORed_Message_buffer_IRQHandler
 .text.CAN0_Bus_Off_IRQHandler
                0x0001119c        0x8 ./startup/startup_mk64f12.o
                0x0001119c                CAN0_Bus_Off_IRQHandler
 .text.CAN0_Error_IRQHandler
                0x000111a4        0x8 ./startup/startup_mk64f12.o
                0x000111a4                CAN0_Error_IRQHandler
 .text.CAN0_Tx_Warning_IRQHandler
                0x000111ac        0x8 ./startup/startup_mk64f12.o
                0x000111ac                CAN0_Tx_Warning_IRQHandler
 .text.CAN0_Rx_Warning_IRQHandler
                0x000111b4        0x8 ./startup/startup_mk64f12.o
                0x000111b4                CAN0_Rx_Warning_IRQHandler
 .text.CAN0_Wake_Up_IRQHandler
                0x000111bc        0x8 ./startup/startup_mk64f12.o
                0x000111bc                CAN0_Wake_Up_IRQHandler
 .text.SDHC_IRQHandler
                0x000111c4        0x8 ./startup/startup_mk64f12.o
                0x000111c4                SDHC_IRQHandler
 .text.getPos   0x000111cc       0x3a ./source/Crc32.o
                0x000111cc                getPos
 .text.sc_send  0x00011206       0x90 ./source/Server_Client_Com.o
                0x00011206                sc_send
 .text.sc_connect_client_comm
                0x00011296       0x2e ./source/Server_Client_Com.o
                0x00011296                sc_connect_client_comm
 .text.sc_init_client_comm
                0x000112c4       0x3c ./source/Server_Client_Com.o
                0x000112c4                sc_init_client_comm
 .text.xtime    0x00011300       0x3c ./source/aes.o
 .text.Cipher   0x0001133c       0x4c ./source/aes.o
 .text.HardFault_Handler
                0x00011388       0x2c ./source/semihost_hardfault.o
                0x00011388                HardFault_Handler
 .text.dhcp_timeout
                0x000113b4       0x92 ./lwip/src/core/ipv4/dhcp.o
 .text.dhcp_t1_timeout
                0x00011446       0x5c ./lwip/src/core/ipv4/dhcp.o
 .text.dhcp_t2_timeout
                0x000114a2       0x64 ./lwip/src/core/ipv4/dhcp.o
 .text.dhcp_set_state
                0x00011506       0x34 ./lwip/src/core/ipv4/dhcp.o
 .text.dhcp_supplied_address
                0x0001153a       0x4c ./lwip/src/core/ipv4/dhcp.o
                0x0001153a                dhcp_supplied_address
 .text.icmp_dest_unreach
                0x00011586       0x20 ./lwip/src/core/ipv4/icmp.o
                0x00011586                icmp_dest_unreach
 .text.icmp_time_exceeded
                0x000115a6       0x20 ./lwip/src/core/ipv4/icmp.o
                0x000115a6                icmp_time_exceeded
 .text.ip4_output_if
                0x000115c6       0x54 ./lwip/src/core/ipv4/ip4.o
                0x000115c6                ip4_output_if
 .text.ip4_addr_isbroadcast_u32
                0x0001161a       0x82 ./lwip/src/core/ipv4/ip4_addr.o
                0x0001161a                ip4_addr_isbroadcast_u32
 .text.ip_frag_alloc_pbuf_custom_ref
                0x0001169c       0x10 ./lwip/src/core/ipv4/ip4_frag.o
 .text.lwip_htons
                0x000116ac       0x1c ./lwip/src/core/def.o
                0x000116ac                lwip_htons
 .text.lwip_htonl
                0x000116c8       0x32 ./lwip/src/core/def.o
                0x000116c8                lwip_htonl
 .text.lwip_standard_chksum
                0x000116fa       0xba ./lwip/src/core/inet_chksum.o
                0x000116fa                lwip_standard_chksum
 .text.inet_cksum_pseudo_base
                0x000117b4       0xd8 ./lwip/src/core/inet_chksum.o
 .text.inet_chksum_pseudo
                0x0001188c       0x70 ./lwip/src/core/inet_chksum.o
                0x0001188c                inet_chksum_pseudo
 .text.ip_chksum_pseudo
                0x000118fc       0x2c ./lwip/src/core/inet_chksum.o
                0x000118fc                ip_chksum_pseudo
 .text.inet_chksum
                0x00011928       0x24 ./lwip/src/core/inet_chksum.o
                0x00011928                inet_chksum
 .text.inet_chksum_pbuf
                0x0001194c       0x94 ./lwip/src/core/inet_chksum.o
                0x0001194c                inet_chksum_pbuf
 .text.lwip_init
                0x000119e0       0x2e ./lwip/src/core/init.o
                0x000119e0                lwip_init
 .text.memp_init_pool
                0x00011a0e       0x5e ./lwip/src/core/memp.o
                0x00011a0e                memp_init_pool
 .text.netif_init
                0x00011a6c        0xe ./lwip/src/core/netif.o
                0x00011a6c                netif_init
 .text.netif_set_addr
                0x00011a7a       0x56 ./lwip/src/core/netif.o
                0x00011a7a                netif_set_addr
 .text.netif_set_gw
                0x00011ad0       0x28 ./lwip/src/core/netif.o
                0x00011ad0                netif_set_gw
 .text.netif_set_netmask
                0x00011af8       0x28 ./lwip/src/core/netif.o
                0x00011af8                netif_set_netmask
 .text.netif_set_up
                0x00011b20       0x46 ./lwip/src/core/netif.o
                0x00011b20                netif_set_up
 .text.netif_issue_reports
                0x00011b66       0x42 ./lwip/src/core/netif.o
 .text.pbuf_header
                0x00011ba8       0x24 ./lwip/src/core/pbuf.o
                0x00011ba8                pbuf_header
 .text.pbuf_header_force
                0x00011bcc       0x24 ./lwip/src/core/pbuf.o
                0x00011bcc                pbuf_header_force
 .text.pbuf_clen
                0x00011bf0       0x2e ./lwip/src/core/pbuf.o
                0x00011bf0                pbuf_clen
 .text.pbuf_chain
                0x00011c1e       0x20 ./lwip/src/core/pbuf.o
                0x00011c1e                pbuf_chain
 .text.tcp_init
                0x00011c3e        0xe ./lwip/src/core/tcp.o
                0x00011c3e                tcp_init
 .text.tcp_remove_listener
                0x00011c4c       0x38 ./lwip/src/core/tcp.o
 .text.tcp_close
                0x00011c84       0x30 ./lwip/src/core/tcp.o
                0x00011c84                tcp_close
 .text.tcp_shutdown
                0x00011cb4       0x8e ./lwip/src/core/tcp.o
                0x00011cb4                tcp_shutdown
 .text.tcp_abort
                0x00011d42       0x18 ./lwip/src/core/tcp.o
                0x00011d42                tcp_abort
 .text.tcp_process_refused_data
                0x00011d5a       0xcc ./lwip/src/core/tcp.o
                0x00011d5a                tcp_process_refused_data
 .text.tcp_segs_free
                0x00011e26       0x28 ./lwip/src/core/tcp.o
                0x00011e26                tcp_segs_free
 .text.tcp_seg_free
                0x00011e4e       0x30 ./lwip/src/core/tcp.o
                0x00011e4e                tcp_seg_free
 .text.tcp_recv_null
                0x00011e7e       0x44 ./lwip/src/core/tcp.o
                0x00011e7e                tcp_recv_null
 .text.tcp_new_ip_type
                0x00011ec2       0x1c ./lwip/src/core/tcp.o
                0x00011ec2                tcp_new_ip_type
 .text.tcp_arg  0x00011ede       0x22 ./lwip/src/core/tcp.o
                0x00011ede                tcp_arg
 .text.tcp_accept
                0x00011f00       0x2e ./lwip/src/core/tcp.o
                0x00011f00                tcp_accept
 .text.tcp_pcb_purge
                0x00011f2e       0x78 ./lwip/src/core/tcp.o
                0x00011f2e                tcp_pcb_purge
 .text.tcp_eff_send_mss_impl
                0x00011fa6       0x48 ./lwip/src/core/tcp.o
                0x00011fa6                tcp_eff_send_mss_impl
 .text.tcp_netif_ip_addr_changed_pcblist
                0x00011fee       0x42 ./lwip/src/core/tcp.o
 .text.tcp_send_fin
                0x00012030       0x7e ./lwip/src/core/tcp_out.o
                0x00012030                tcp_send_fin
 .text.tcp_send_empty_ack
                0x000120ae       0xdc ./lwip/src/core/tcp_out.o
                0x000120ae                tcp_send_empty_ack
 .text.tcp_rexmit_rto
                0x0001218a       0x7e ./lwip/src/core/tcp_out.o
                0x0001218a                tcp_rexmit_rto
 .text.tcp_rexmit
                0x00012208       0xa0 ./lwip/src/core/tcp_out.o
                0x00012208                tcp_rexmit
 .text.tcp_rexmit_fast
                0x000122a8       0xae ./lwip/src/core/tcp_out.o
                0x000122a8                tcp_rexmit_fast
 .text.tcp_keepalive
                0x00012356       0x9e ./lwip/src/core/tcp_out.o
                0x00012356                tcp_keepalive
 .text.tcp_zero_window_probe
                0x000123f4      0x158 ./lwip/src/core/tcp_out.o
                0x000123f4                tcp_zero_window_probe
 .text.udp_init
                0x0001254c        0xe ./lwip/src/core/udp.o
                0x0001254c                udp_init
 .text.udp_sendto_if
                0x0001255a       0x7a ./lwip/src/core/udp.o
                0x0001255a                udp_sendto_if
 .text.udp_recv
                0x000125d4       0x24 ./lwip/src/core/udp.o
                0x000125d4                udp_recv
 .text.udp_new  0x000125f8       0x2e ./lwip/src/core/udp.o
                0x000125f8                udp_new
 .text.udp_new_ip_type
                0x00012626       0x1a ./lwip/src/core/udp.o
                0x00012626                udp_new_ip_type
 .text.netconn_apimsg
                0x00012640       0x40 ./lwip/src/api/api_lib.o
 .text.lwip_netconn_do_newconn
                0x00012680       0x58 ./lwip/src/api/api_msg.o
                0x00012680                lwip_netconn_do_newconn
 .text.netbuf_delete
                0x000126d8       0x3e ./lwip/src/api/netbuf.o
                0x000126d8                netbuf_delete
 .text.ENET_ActiveRead
                0x00012716       0x1c ./lwip/port/ethernetif.o
 .text.low_level_init
                0x00012732       0x5a ./lwip/port/ethernetif.o
 .text.enet_send_frame
                0x0001278c       0x52 ./lwip/port/ethernetif.o
 .text.enet_get_rx_frame_size
                0x000127de       0x20 ./lwip/port/ethernetif.o
 .text.enet_read_frame
                0x000127fe       0x24 ./lwip/port/ethernetif.o
 .text.low_level_input
                0x00012822      0x130 ./lwip/port/ethernetif.o
 .text.sys_mbox_new
                0x00012952       0x38 ./lwip/port/sys_arch.o
                0x00012952                sys_mbox_new
 .text.sys_mbox_free
                0x0001298a       0x40 ./lwip/port/sys_arch.o
                0x0001298a                sys_mbox_free
 .text.sys_arch_mbox_fetch
                0x000129ca       0x98 ./lwip/port/sys_arch.o
                0x000129ca                sys_arch_mbox_fetch
 .text.sys_sem_new
                0x00012a62       0x7a ./lwip/port/sys_arch.o
                0x00012a62                sys_sem_new
 .text.sys_arch_sem_wait
                0x00012adc       0x80 ./lwip/port/sys_arch.o
                0x00012adc                sys_arch_sem_wait
 .text.sys_mutex_new
                0x00012b5c       0x30 ./lwip/port/sys_arch.o
                0x00012b5c                sys_mutex_new
 .text.sys_mutex_lock
                0x00012b8c       0x26 ./lwip/port/sys_arch.o
                0x00012b8c                sys_mutex_lock
 .text.sys_mutex_unlock
                0x00012bb2       0x1e ./lwip/port/sys_arch.o
                0x00012bb2                sys_mutex_unlock
 .text.sys_sem_signal
                0x00012bd0       0x1e ./lwip/port/sys_arch.o
                0x00012bd0                sys_sem_signal
 .text.sys_sem_free
                0x00012bee       0x1a ./lwip/port/sys_arch.o
                0x00012bee                sys_sem_free
 .text.sys_init
                0x00012c08        0xe ./lwip/port/sys_arch.o
                0x00012c08                sys_init
 .text.sys_now  0x00012c16        0xe ./lwip/port/sys_arch.o
                0x00012c16                sys_now
 .text.sys_thread_new
                0x00012c24       0x44 ./lwip/port/sys_arch.o
                0x00012c24                sys_thread_new
 .text.sys_arch_protect
                0x00012c68       0x42 ./lwip/port/sys_arch.o
                0x00012c68                sys_arch_protect
 .text.sys_arch_unprotect
                0x00012caa       0x2c ./lwip/port/sys_arch.o
                0x00012caa                sys_arch_unprotect
 .text.OSC_SetExtRefClkConfig
                0x00012cd6       0x34 ./drivers/fsl_clock.o
 .text.OSC_SetCapLoad
                0x00012d0a       0x34 ./drivers/fsl_clock.o
 .text.CLOCK_GetPll0RefFreq
                0x00012d3e        0xe ./drivers/fsl_clock.o
 .text.CLOCK_GetFixedFreqClkFreq
                0x00012d4c       0x2e ./drivers/fsl_clock.o
                0x00012d4c                CLOCK_GetFixedFreqClkFreq
 .text.CLOCK_EnableClock
                0x00012d7a       0x34 ./drivers/fsl_enet.o
 .text.EnableIRQ
                0x00012dae       0x2c ./drivers/fsl_enet.o
 .text.ENET_Reset
                0x00012dda       0x20 ./drivers/fsl_enet.o
 .text.ENET_GetSMI
                0x00012dfa       0x26 ./drivers/fsl_enet.o
 .text.ENET_EnableSleepMode
                0x00012e20       0x38 ./drivers/fsl_enet.o
 .text.ENET_EnableInterrupts
                0x00012e58       0x22 ./drivers/fsl_enet.o
 .text.ENET_SetMacAddr
                0x00012e7a       0x5e ./drivers/fsl_enet.o
                0x00012e7a                ENET_SetMacAddr
 .text.ENET_StartSMIWrite
                0x00012ed8       0x50 ./drivers/fsl_enet.o
                0x00012ed8                ENET_StartSMIWrite
 .text.ENET_StartSMIRead
                0x00012f28       0x4a ./drivers/fsl_enet.o
                0x00012f28                ENET_StartSMIRead
 .text.CLOCK_EnableClock
                0x00012f72       0x34 ./drivers/fsl_uart.o
 .text.UART0_RX_TX_DriverIRQHandler
                0x00012fa6       0x10 ./drivers/fsl_uart.o
                0x00012fa6                UART0_RX_TX_DriverIRQHandler
 .text.UART1_RX_TX_DriverIRQHandler
                0x00012fb6       0x10 ./drivers/fsl_uart.o
                0x00012fb6                UART1_RX_TX_DriverIRQHandler
 .text.UART2_RX_TX_DriverIRQHandler
                0x00012fc6       0x10 ./drivers/fsl_uart.o
                0x00012fc6                UART2_RX_TX_DriverIRQHandler
 .text.UART3_RX_TX_DriverIRQHandler
                0x00012fd6       0x10 ./drivers/fsl_uart.o
                0x00012fd6                UART3_RX_TX_DriverIRQHandler
 .text.UART4_RX_TX_DriverIRQHandler
                0x00012fe6       0x10 ./drivers/fsl_uart.o
                0x00012fe6                UART4_RX_TX_DriverIRQHandler
 .text.UART5_RX_TX_DriverIRQHandler
                0x00012ff6       0x10 ./drivers/fsl_uart.o
                0x00012ff6                UART5_RX_TX_DriverIRQHandler
 .text.CLOCK_EnableClock
                0x00013006       0x34 ./board/fsl_phy.o
 .text.ENET_ReadSMIData
                0x0001303a       0x1a ./board/fsl_phy.o
 .text.ENET_GetInterruptStatus
                0x00013054       0x18 ./board/fsl_phy.o
 .text.ENET_ClearInterruptStatus
                0x0001306c       0x1c ./board/fsl_phy.o
 .text.PHY_Write
                0x00013088       0x70 ./board/fsl_phy.o
                0x00013088                PHY_Write
 .text.CLOCK_EnableClock
                0x000130f8       0x34 ./board/pin_mux.o
 .text.PORT_SetPinMux
                0x0001312c       0x3a ./board/pin_mux.o
 .text.pvPortMalloc
                0x00013166       0x22 ./amazon-freertos/FreeRTOS/portable/heap_3.o
                0x00013166                pvPortMalloc
 .text.vPortFree
                0x00013188       0x24 ./amazon-freertos/FreeRTOS/portable/heap_3.o
                0x00013188                vPortFree
 .text.xEventGroupCreate
                0x000131ac       0x2e ./amazon-freertos/FreeRTOS/event_groups.o
                0x000131ac                xEventGroupCreate
 .text.xEventGroupSetBits
                0x000131da      0x112 ./amazon-freertos/FreeRTOS/event_groups.o
                0x000131da                xEventGroupSetBits
 .text.vEventGroupSetBitsCallback
                0x000132ec       0x1a ./amazon-freertos/FreeRTOS/event_groups.o
                0x000132ec                vEventGroupSetBitsCallback
 .text.prvTestWaitCondition
                0x00013306       0x44 ./amazon-freertos/FreeRTOS/event_groups.o
 .text.vListInitialise
                0x0001334a       0x40 ./amazon-freertos/FreeRTOS/list.o
                0x0001334a                vListInitialise
 .text.vListInitialiseItem
                0x0001338a       0x1a ./amazon-freertos/FreeRTOS/list.o
                0x0001338a                vListInitialiseItem
 .text.vListInsertEnd
                0x000133a4       0x48 ./amazon-freertos/FreeRTOS/list.o
                0x000133a4                vListInsertEnd
 .text.vListInsert
                0x000133ec       0x72 ./amazon-freertos/FreeRTOS/list.o
                0x000133ec                vListInsert
 .text.uxListRemove
                0x0001345e       0x54 ./amazon-freertos/FreeRTOS/list.o
                0x0001345e                uxListRemove
 .text.xQueueGenericCreate
                0x000134b2       0x72 ./amazon-freertos/FreeRTOS/queue.o
                0x000134b2                xQueueGenericCreate
 .text.prvInitialiseNewQueue
                0x00013524       0x46 ./amazon-freertos/FreeRTOS/queue.o
 .text.prvInitialiseMutex
                0x0001356a       0x34 ./amazon-freertos/FreeRTOS/queue.o
 .text.xQueueCreateMutex
                0x0001359e       0x30 ./amazon-freertos/FreeRTOS/queue.o
                0x0001359e                xQueueCreateMutex
 .text.xQueueCreateCountingSemaphore
                0x000135ce       0x62 ./amazon-freertos/FreeRTOS/queue.o
                0x000135ce                xQueueCreateCountingSemaphore
 .text.xQueueGenericSendFromISR
                0x00013630      0x128 ./amazon-freertos/FreeRTOS/queue.o
                0x00013630                xQueueGenericSendFromISR
 .text.uxQueueMessagesWaiting
                0x00013758       0x3a ./amazon-freertos/FreeRTOS/queue.o
                0x00013758                uxQueueMessagesWaiting
 .text.vQueueDelete
                0x00013792       0x3a ./amazon-freertos/FreeRTOS/queue.o
                0x00013792                vQueueDelete
 .text.prvGetDisinheritPriorityAfterTimeout
                0x000137cc       0x30 ./amazon-freertos/FreeRTOS/queue.o
 .text.prvCopyDataToQueue
                0x000137fc       0xd4 ./amazon-freertos/FreeRTOS/queue.o
 .text.prvCopyDataFromQueue
                0x000138d0       0x4c ./amazon-freertos/FreeRTOS/queue.o
 .text.prvUnlockQueue
                0x0001391c       0xa4 ./amazon-freertos/FreeRTOS/queue.o
 .text.prvIsQueueEmpty
                0x000139c0       0x2c ./amazon-freertos/FreeRTOS/queue.o
 .text.prvIsQueueFull
                0x000139ec       0x30 ./amazon-freertos/FreeRTOS/queue.o
 .text.xQueueIsQueueFullFromISR
                0x00013a1c       0x46 ./amazon-freertos/FreeRTOS/queue.o
                0x00013a1c                xQueueIsQueueFullFromISR
 .text.vQueueWaitForMessageRestricted
                0x00013a62       0x68 ./amazon-freertos/FreeRTOS/queue.o
                0x00013a62                vQueueWaitForMessageRestricted
 .text.xTaskCreate
                0x00013aca       0x82 ./amazon-freertos/FreeRTOS/tasks.o
                0x00013aca                xTaskCreate
 .text.prvInitialiseNewTask
                0x00013b4c      0x12a ./amazon-freertos/FreeRTOS/tasks.o
 .text.prvDeleteTCB
                0x00013c76       0x20 ./amazon-freertos/FreeRTOS/tasks.o
 .text.prvTimerTask
                0x00013c96       0x24 ./amazon-freertos/FreeRTOS/timers.o
 .text.SystemInitHook
                0x00013cba        0xe ./CMSIS/system_MK64F12.o
                0x00013cba                SystemInitHook
 .text.__main   0x00013cc8        0xe c:/nxp/mcuxpressoide_10.2.1_795/ide/tools/bin/../lib/gcc/arm-none-eabi/7.2.1/../../../../arm-none-eabi/lib/thumb/v7e-m/fpv4-sp/hard\libcr_semihost_nf.a(_cr__main.o)
                0x00013cc8                __CR_SEMIHOST
                0x00013cc8                __main
 .text.memcpy   0x00013cd6        0x4 c:/nxp/mcuxpressoide_10.2.1_795/ide/tools/bin/../lib/gcc/arm-none-eabi/7.2.1/../../../../arm-none-eabi/lib/thumb/v7e-m/fpv4-sp/hard\libcr_c.a(memcpy.o)
                0x00013cd6                memcpy
 .text.memset   0x00013cda        0x4 c:/nxp/mcuxpressoide_10.2.1_795/ide/tools/bin/../lib/gcc/arm-none-eabi/7.2.1/../../../../arm-none-eabi/lib/thumb/v7e-m/fpv4-sp/hard\libcr_c.a(memset.o)
                0x00013cda                memset
 .text._deferredlazyseek
                0x00013cde       0x40 c:/nxp/mcuxpressoide_10.2.1_795/ide/tools/bin/../lib/gcc/arm-none-eabi/7.2.1/../../../../arm-none-eabi/lib/thumb/v7e-m/fpv4-sp/hard\libcr_c.a(_deferredlazyseek.o)
                0x00013cde                _deferredlazyseek
 .text.__flsbuf
                0x00013d1e      0x140 c:/nxp/mcuxpressoide_10.2.1_795/ide/tools/bin/../lib/gcc/arm-none-eabi/7.2.1/../../../../arm-none-eabi/lib/thumb/v7e-m/fpv4-sp/hard\libcr_c.a(_deferredlazyseek.o)
                0x00013d1e                __flsbuf
 .text._fflush  0x00013e5e       0x52 c:/nxp/mcuxpressoide_10.2.1_795/ide/tools/bin/../lib/gcc/arm-none-eabi/7.2.1/../../../../arm-none-eabi/lib/thumb/v7e-m/fpv4-sp/hard\libcr_c.a(_fflush.o)
                0x00013e5e                _fflush
 .text.free     0x00013eb0       0x30 c:/nxp/mcuxpressoide_10.2.1_795/ide/tools/bin/../lib/gcc/arm-none-eabi/7.2.1/../../../../arm-none-eabi/lib/thumb/v7e-m/fpv4-sp/hard\libcr_c.a(alloc.o)
                0x00013eb0                free
 .text.fputs    0x00013ee0       0x2c c:/nxp/mcuxpressoide_10.2.1_795/ide/tools/bin/../lib/gcc/arm-none-eabi/7.2.1/../../../../arm-none-eabi/lib/thumb/v7e-m/fpv4-sp/hard\libcr_c.a(fputs.o)
                0x00013ee0                fputs
 .text.memcmp   0x00013f0c       0x44 c:/nxp/mcuxpressoide_10.2.1_795/ide/tools/bin/../lib/gcc/arm-none-eabi/7.2.1/../../../../arm-none-eabi/lib/thumb/v7e-m/fpv4-sp/hard\libcr_c.a(memcmp.o)
                0x00013f0c                memcmp
 .text.no_fp_display
                0x00013f50        0x4 c:/nxp/mcuxpressoide_10.2.1_795/ide/tools/bin/../lib/gcc/arm-none-eabi/7.2.1/../../../../arm-none-eabi/lib/thumb/v7e-m/fpv4-sp/hard\libcr_c.a(printf.o)
 .text.strlen   0x00013f54       0x4a c:/nxp/mcuxpressoide_10.2.1_795/ide/tools/bin/../lib/gcc/arm-none-eabi/7.2.1/../../../../arm-none-eabi/lib/thumb/v7e-m/fpv4-sp/hard\libcr_c.a(strlen.o)
                0x00013f54                strlen
 .text._fdopen  0x00013f9e       0x68 c:/nxp/mcuxpressoide_10.2.1_795/ide/tools/bin/../lib/gcc/arm-none-eabi/7.2.1/../../../../arm-none-eabi/lib/thumb/v7e-m/fpv4-sp/hard\libcr_c.a(_fdopen.o)
                0x00013f9e                _fdopen
 .text.fclose   0x00014006       0x58 c:/nxp/mcuxpressoide_10.2.1_795/ide/tools/bin/../lib/gcc/arm-none-eabi/7.2.1/../../../../arm-none-eabi/lib/thumb/v7e-m/fpv4-sp/hard\libcr_c.a(fclose.o)
                0x00014006                fclose
 .text.remove   0x0001405e       0x14 c:/nxp/mcuxpressoide_10.2.1_795/ide/tools/bin/../lib/gcc/arm-none-eabi/7.2.1/../../../../arm-none-eabi/lib/thumb/v7e-m/fpv4-sp/hard\libcr_c.a(remove.o)
                0x0001405e                remove
 .text._do_fflush
                0x00014072       0x40 c:/nxp/mcuxpressoide_10.2.1_795/ide/tools/bin/../lib/gcc/arm-none-eabi/7.2.1/../../../../arm-none-eabi/lib/thumb/v7e-m/fpv4-sp/hard\libcr_c.a(_do_fflush.o)
                0x00014072                _do_fflush
 .text.__aeabi_memcpy
                0x000140b2       0x34 c:/nxp/mcuxpressoide_10.2.1_795/ide/tools/bin/../lib/gcc/arm-none-eabi/7.2.1/thumb/v7e-m/fpv4-sp/hard\libcr_eabihelpers.a(memcpy.o)
                0x000140b2                __aeabi_memcpy
                0x000140bc                __aeabi_memcpy8
                0x000140bc                __aeabi_memcpy4
 .text.__aeabi_memset_lowlevel
                0x000140e6       0x32 c:/nxp/mcuxpressoide_10.2.1_795/ide/tools/bin/../lib/gcc/arm-none-eabi/7.2.1/thumb/v7e-m/fpv4-sp/hard\libcr_eabihelpers.a(memcpy.o)
                0x000140e6                __aeabi_lowlevel_memset
 .text.__sys_close
                0x00014118        0xc c:/nxp/mcuxpressoide_10.2.1_795/ide/tools/bin/../lib/gcc/arm-none-eabi/7.2.1/../../../../arm-none-eabi/lib/thumb/v7e-m/fpv4-sp/hard\libcr_semihost_nf.a(__sys_close.o)
                0x00014118                __sys_close
 .text.__sys_flen
                0x00014124        0xc c:/nxp/mcuxpressoide_10.2.1_795/ide/tools/bin/../lib/gcc/arm-none-eabi/7.2.1/../../../../arm-none-eabi/lib/thumb/v7e-m/fpv4-sp/hard\libcr_semihost_nf.a(__sys_flen.o)
                0x00014124                __sys_flen
 .text.__sys_istty
                0x00014130        0xc c:/nxp/mcuxpressoide_10.2.1_795/ide/tools/bin/../lib/gcc/arm-none-eabi/7.2.1/../../../../arm-none-eabi/lib/thumb/v7e-m/fpv4-sp/hard\libcr_semihost_nf.a(__sys_istty.o)
                0x00014130                __sys_istty
 .text.__sys_remove
                0x0001413c        0xc c:/nxp/mcuxpressoide_10.2.1_795/ide/tools/bin/../lib/gcc/arm-none-eabi/7.2.1/../../../../arm-none-eabi/lib/thumb/v7e-m/fpv4-sp/hard\libcr_semihost_nf.a(__sys_remove.o)
                0x0001413c                __sys_remove
 .text.__sys_seek
                0x00014148        0xc c:/nxp/mcuxpressoide_10.2.1_795/ide/tools/bin/../lib/gcc/arm-none-eabi/7.2.1/../../../../arm-none-eabi/lib/thumb/v7e-m/fpv4-sp/hard\libcr_semihost_nf.a(__sys_seek.o)
                0x00014148                __sys_seek
 .text.__sys_tmpnam
                0x00014154        0xc c:/nxp/mcuxpressoide_10.2.1_795/ide/tools/bin/../lib/gcc/arm-none-eabi/7.2.1/../../../../arm-none-eabi/lib/thumb/v7e-m/fpv4-sp/hard\libcr_semihost_nf.a(__sys_tmpnam.o)
                0x00014154                __sys_tmpnam
 .text.__sys_write
                0x00014160        0xc c:/nxp/mcuxpressoide_10.2.1_795/ide/tools/bin/../lib/gcc/arm-none-eabi/7.2.1/../../../../arm-none-eabi/lib/thumb/v7e-m/fpv4-sp/hard\libcr_semihost_nf.a(__sys_write.o)
                0x00014160                __sys_write
 *(SORT_BY_ALIGNMENT(.rodata) SORT_BY_ALIGNMENT(.rodata.*) SORT_BY_ALIGNMENT(.constdata) SORT_BY_ALIGNMENT(.constdata.*))
 .rodata        0x0001416c       0x50 ./utilities/fsl_debug_console.o
 .rodata        0x000141bc       0x27 ./utilities/fsl_io.o
 *fill*         0x000141e3        0x1 ff
 .rodata.key    0x000141e4       0x10 ./source/Server_Client_Com.o
                0x000141e4                key
 .rodata        0x000141f4       0xbd ./source/Server_Client_Com.o
 *fill*         0x000142b1        0x3 ff
 .rodata.sbox   0x000142b4      0x100 ./source/aes.o
 .rodata.Rcon   0x000143b4      0x100 ./source/aes.o
 .rodata        0x000144b4      0x11e ./source/lwip_tcpecho_freertos.o
 *fill*         0x000145d2        0x2 ff
 .rodata.ethbroadcast
                0x000145d4        0x6 ./lwip/src/netif/ethernet.o
                0x000145d4                ethbroadcast
 *fill*         0x000145da        0x2 ff
 .rodata.ethzero
                0x000145dc        0x6 ./lwip/src/netif/ethernet.o
                0x000145dc                ethzero
 *fill*         0x000145e2        0x2 ff
 .rodata        0x000145e4       0x31 ./lwip/src/netif/ethernet.o
 *fill*         0x00014615        0x3 ff
 .rodata        0x00014618      0x49f ./lwip/src/core/ipv4/dhcp.o
 *fill*         0x00014ab7        0x1 ff
 .rodata        0x00014ab8      0x205 ./lwip/src/core/ipv4/etharp.o
 *fill*         0x00014cbd        0x3 ff
 .rodata        0x00014cc0       0x98 ./lwip/src/core/ipv4/icmp.o
 .rodata        0x00014d58       0x39 ./lwip/src/core/ipv4/ip4.o
 *fill*         0x00014d91        0x3 ff
 .rodata.ip_addr_any
                0x00014d94        0x4 ./lwip/src/core/ipv4/ip4_addr.o
                0x00014d94                ip_addr_any
 .rodata.ip_addr_broadcast
                0x00014d98        0x4 ./lwip/src/core/ipv4/ip4_addr.o
                0x00014d98                ip_addr_broadcast
 .rodata        0x00014d9c      0x18c ./lwip/src/core/ipv4/ip4_frag.o
 .rodata        0x00014f28      0x1bf ./lwip/src/core/mem.o
 *fill*         0x000150e7        0x1 ff
 .rodata        0x000150e8      0x12b ./lwip/src/core/memp.o
 *fill*         0x00015213        0x1 ff
 .rodata.memp_UDP_PCB
                0x00015214       0x10 ./lwip/src/core/memp.o
                0x00015214                memp_UDP_PCB
 .rodata.memp_TCP_PCB